12:00:04.866 [main] INFO  org.sikuli.slides.apps.ExecuteMain - Log4j configured: level=DEBUG file=/Users/gpetrov/mirror_src/sikuli-slides-PoC/sikuli-slides-run-20250823_120004.log
2025-08-23 12:00:04.866 [main] INFO  org.sikuli.slides.apps.ExecuteMain - Log4j configured: level=DEBUG file=/Users/gpetrov/mirror_src/sikuli-slides-PoC/sikuli-slides-run-20250823_120004.log
12:00:04.867 [main] INFO  org.sikuli.slides.apps.ExecuteMain - using region relative=6,126,830,1830 -> absolute=R[6,126 830x1830]@S(2)
2025-08-23 12:00:04.867 [main] INFO  org.sikuli.slides.apps.ExecuteMain - using region relative=6,126,830,1830 -> absolute=R[6,126 830x1830]@S(2)
12:00:04.867 [main] INFO  org.sikuli.slides.apps.ExecuteMain - Detected screens: 3
2025-08-23 12:00:04.867 [main] INFO  org.sikuli.slides.apps.ExecuteMain - Detected screens: 3
12:00:04.867 [main] INFO  org.sikuli.slides.apps.ExecuteMain - screen[0]=R[-2560,-1081 2560x1440]@S(0)
2025-08-23 12:00:04.867 [main] INFO  org.sikuli.slides.apps.ExecuteMain - screen[0]=R[-2560,-1081 2560x1440]@S(0)
12:00:04.867 [main] INFO  org.sikuli.slides.apps.ExecuteMain - screen[1]=R[0,-1080 1920x1080]@S(1)
2025-08-23 12:00:04.867 [main] INFO  org.sikuli.slides.apps.ExecuteMain - screen[1]=R[0,-1080 1920x1080]@S(1)
12:00:04.867 [main] INFO  org.sikuli.slides.apps.ExecuteMain - screen[2]=R[0,0 3024x1964]@S(2)
2025-08-23 12:00:04.867 [main] INFO  org.sikuli.slides.apps.ExecuteMain - screen[2]=R[0,0 3024x1964]@S(2)
12:00:04.868 [main] INFO  org.sikuli.slides.apps.ExecuteMain - selected screenId=2 region=R[6,126 830x1830]@S(2) use_awt_robot=false
2025-08-23 12:00:04.868 [main] INFO  org.sikuli.slides.apps.ExecuteMain - selected screenId=2 region=R[6,126 830x1830]@S(2) use_awt_robot=false
12:00:04.868 [main] INFO  org.sikuli.slides.apps.ExecuteMain - DO NOT USE THE KEYBOARD OR MOUSE UNTIL TEST EXECUTION ENDS!
2025-08-23 12:00:04.868 [main] INFO  org.sikuli.slides.apps.ExecuteMain - DO NOT USE THE KEYBOARD OR MOUSE UNTIL TEST EXECUTION ENDS!
12:00:04.871 [main] DEBUG org.sikuli.slides.api.Slides - execute slides with context Context{minScore=0.9, parameter={exhaustive=true, disable_slide_hint=true}, screenRegion=R[6,126 830x1830]@S(2), useAwtRobot=false}
2025-08-23 12:00:04.871 [main] DEBUG org.sikuli.slides.api.Slides - execute slides with context Context{minScore=0.9, parameter={exhaustive=true, disable_slide_hint=true}, screenRegion=R[6,126 830x1830]@S(2), useAwtRobot=false}
12:00:04.897 [main] DEBUG org.sikuli.slides.api.io.PPTXSlidesReader - PPTX bundle created: PPTXBundle{count=8, rootDir=/var/folders/9f/93m0zv2x3519frz14yslkqmw0000gn/T/1755939604873-0/poc_171_02}
2025-08-23 12:00:04.897 [main] DEBUG org.sikuli.slides.api.io.PPTXSlidesReader - PPTX bundle created: PPTXBundle{count=8, rootDir=/var/folders/9f/93m0zv2x3519frz14yslkqmw0000gn/T/1755939604873-0/poc_171_02}
12:00:04.911 [main] DEBUG org.sikuli.slides.api.parsers.SlideParser - result: Slide{number=0, text=Click, elements=[ImageElement{sourceUrl=null, fileName=/var/folders/9f/93m0zv2x3519frz14yslkqmw0000gn/T/1755939604873-0/poc_171_02/ppt/slides/../media/image1.png, super=SlideElement{id=4, text=null, offx=0, offy=0, cx=3110459, cy=6858000, width=0, height=0, name=Picture 3, geom=rect, fontSize=0, order=0, lineColor=null, backgroundColor=null}}, SlideElement{id=2, text=, offx=902970, offy=1420495, cx=609600, cy=711835, width=0, height=0, name=Rectangle 1, geom=rect, fontSize=0, order=0, lineColor=FF0000, backgroundColor=null}, SlideElement{id=5, text=Click, offx=152865, offy=211649, cx=1305955, cy=369332, width=0, height=0, name=TextBox 1, geom=rect, fontSize=0, order=0, lineColor=tx1, backgroundColor=EEECE1}]}
2025-08-23 12:00:04.911 [main] DEBUG org.sikuli.slides.api.parsers.SlideParser - result: Slide{number=0, text=Click, elements=[ImageElement{sourceUrl=null, fileName=/var/folders/9f/93m0zv2x3519frz14yslkqmw0000gn/T/1755939604873-0/poc_171_02/ppt/slides/../media/image1.png, super=SlideElement{id=4, text=null, offx=0, offy=0, cx=3110459, cy=6858000, width=0, height=0, name=Picture 3, geom=rect, fontSize=0, order=0, lineColor=null, backgroundColor=null}}, SlideElement{id=2, text=, offx=902970, offy=1420495, cx=609600, cy=711835, width=0, height=0, name=Rectangle 1, geom=rect, fontSize=0, order=0, lineColor=FF0000, backgroundColor=null}, SlideElement{id=5, text=Click, offx=152865, offy=211649, cx=1305955, cy=369332, width=0, height=0, name=TextBox 1, geom=rect, fontSize=0, order=0, lineColor=tx1, backgroundColor=EEECE1}]}
12:00:04.913 [main] DEBUG org.sikuli.slides.api.parsers.SlideParser - result: Slide{number=0, text=Click, elements=[ImageElement{sourceUrl=null, fileName=/var/folders/9f/93m0zv2x3519frz14yslkqmw0000gn/T/1755939604873-0/poc_171_02/ppt/slides/../media/image2.png, super=SlideElement{id=4, text=null, offx=0, offy=0, cx=3110459, cy=6858000, width=0, height=0, name=Picture 3, geom=rect, fontSize=0, order=0, lineColor=null, backgroundColor=null}}, SlideElement{id=2, text=, offx=694690, offy=3753485, cx=1767205, cy=317500, width=0, height=0, name=Rectangle 1, geom=rect, fontSize=0, order=0, lineColor=FF0000, backgroundColor=null}, SlideElement{id=5, text=Click, offx=152865, offy=211649, cx=1305955, cy=369332, width=0, height=0, name=TextBox 1, geom=rect, fontSize=0, order=0, lineColor=tx1, backgroundColor=EEECE1}]}
2025-08-23 12:00:04.913 [main] DEBUG org.sikuli.slides.api.parsers.SlideParser - result: Slide{number=0, text=Click, elements=[ImageElement{sourceUrl=null, fileName=/var/folders/9f/93m0zv2x3519frz14yslkqmw0000gn/T/1755939604873-0/poc_171_02/ppt/slides/../media/image2.png, super=SlideElement{id=4, text=null, offx=0, offy=0, cx=3110459, cy=6858000, width=0, height=0, name=Picture 3, geom=rect, fontSize=0, order=0, lineColor=null, backgroundColor=null}}, SlideElement{id=2, text=, offx=694690, offy=3753485, cx=1767205, cy=317500, width=0, height=0, name=Rectangle 1, geom=rect, fontSize=0, order=0, lineColor=FF0000, backgroundColor=null}, SlideElement{id=5, text=Click, offx=152865, offy=211649, cx=1305955, cy=369332, width=0, height=0, name=TextBox 1, geom=rect, fontSize=0, order=0, lineColor=tx1, backgroundColor=EEECE1}]}
12:00:04.915 [main] DEBUG org.sikuli.slides.api.parsers.SlideParser - result: Slide{number=0, text=Click, elements=[ImageElement{sourceUrl=null, fileName=/var/folders/9f/93m0zv2x3519frz14yslkqmw0000gn/T/1755939604873-0/poc_171_02/ppt/slides/../media/image3.png, super=SlideElement{id=4, text=null, offx=0, offy=0, cx=3110459, cy=6858000, width=0, height=0, name=Picture 3, geom=rect, fontSize=0, order=0, lineColor=null, backgroundColor=null}}, SlideElement{id=2, text=, offx=153035, offy=3648075, cx=2809875, cy=475615, width=0, height=0, name=Rectangle 1, geom=rect, fontSize=0, order=0, lineColor=FF0000, backgroundColor=null}, SlideElement{id=5, text=Click, offx=152865, offy=211649, cx=1305955, cy=369332, width=0, height=0, name=TextBox 1, geom=rect, fontSize=0, order=0, lineColor=tx1, backgroundColor=EEECE1}]}
2025-08-23 12:00:04.915 [main] DEBUG org.sikuli.slides.api.parsers.SlideParser - result: Slide{number=0, text=Click, elements=[ImageElement{sourceUrl=null, fileName=/var/folders/9f/93m0zv2x3519frz14yslkqmw0000gn/T/1755939604873-0/poc_171_02/ppt/slides/../media/image3.png, super=SlideElement{id=4, text=null, offx=0, offy=0, cx=3110459, cy=6858000, width=0, height=0, name=Picture 3, geom=rect, fontSize=0, order=0, lineColor=null, backgroundColor=null}}, SlideElement{id=2, text=, offx=153035, offy=3648075, cx=2809875, cy=475615, width=0, height=0, name=Rectangle 1, geom=rect, fontSize=0, order=0, lineColor=FF0000, backgroundColor=null}, SlideElement{id=5, text=Click, offx=152865, offy=211649, cx=1305955, cy=369332, width=0, height=0, name=TextBox 1, geom=rect, fontSize=0, order=0, lineColor=tx1, backgroundColor=EEECE1}]}
12:00:04.917 [main] DEBUG org.sikuli.slides.api.parsers.SlideParser - result: Slide{number=0, text=Click, elements=[ImageElement{sourceUrl=null, fileName=/var/folders/9f/93m0zv2x3519frz14yslkqmw0000gn/T/1755939604873-0/poc_171_02/ppt/slides/../media/image4.png, super=SlideElement{id=4, text=null, offx=0, offy=0, cx=3110459, cy=6858000, width=0, height=0, name=Picture 3, geom=rect, fontSize=0, order=0, lineColor=null, backgroundColor=null}}, SlideElement{id=2, text=, offx=-5101, offy=1032968, cx=317500, cy=317500, width=0, height=0, name=Rectangle 1, geom=rect, fontSize=0, order=0, lineColor=FF0000, backgroundColor=null}, SlideElement{id=5, text=Click, offx=152865, offy=211649, cx=1305955, cy=369332, width=0, height=0, name=TextBox 1, geom=rect, fontSize=0, order=0, lineColor=tx1, backgroundColor=EEECE1}]}
2025-08-23 12:00:04.917 [main] DEBUG org.sikuli.slides.api.parsers.SlideParser - result: Slide{number=0, text=Click, elements=[ImageElement{sourceUrl=null, fileName=/var/folders/9f/93m0zv2x3519frz14yslkqmw0000gn/T/1755939604873-0/poc_171_02/ppt/slides/../media/image4.png, super=SlideElement{id=4, text=null, offx=0, offy=0, cx=3110459, cy=6858000, width=0, height=0, name=Picture 3, geom=rect, fontSize=0, order=0, lineColor=null, backgroundColor=null}}, SlideElement{id=2, text=, offx=-5101, offy=1032968, cx=317500, cy=317500, width=0, height=0, name=Rectangle 1, geom=rect, fontSize=0, order=0, lineColor=FF0000, backgroundColor=null}, SlideElement{id=5, text=Click, offx=152865, offy=211649, cx=1305955, cy=369332, width=0, height=0, name=TextBox 1, geom=rect, fontSize=0, order=0, lineColor=tx1, backgroundColor=EEECE1}]}
12:00:04.919 [main] DEBUG org.sikuli.slides.api.parsers.SlideParser - result: Slide{number=0, text=Click, elements=[ImageElement{sourceUrl=null, fileName=/var/folders/9f/93m0zv2x3519frz14yslkqmw0000gn/T/1755939604873-0/poc_171_02/ppt/slides/../media/image5.png, super=SlideElement{id=4, text=null, offx=0, offy=0, cx=3110459, cy=6858000, width=0, height=0, name=Picture 3, geom=rect, fontSize=0, order=0, lineColor=null, backgroundColor=null}}, SlideElement{id=2, text=, offx=2035810, offy=2205990, cx=641350, cy=317500, width=0, height=0, name=Rectangle 1, geom=rect, fontSize=0, order=0, lineColor=FF0000, backgroundColor=null}, SlideElement{id=5, text=Click, offx=152865, offy=211649, cx=1305955, cy=369332, width=0, height=0, name=TextBox 1, geom=rect, fontSize=0, order=0, lineColor=tx1, backgroundColor=EEECE1}]}
2025-08-23 12:00:04.919 [main] DEBUG org.sikuli.slides.api.parsers.SlideParser - result: Slide{number=0, text=Click, elements=[ImageElement{sourceUrl=null, fileName=/var/folders/9f/93m0zv2x3519frz14yslkqmw0000gn/T/1755939604873-0/poc_171_02/ppt/slides/../media/image5.png, super=SlideElement{id=4, text=null, offx=0, offy=0, cx=3110459, cy=6858000, width=0, height=0, name=Picture 3, geom=rect, fontSize=0, order=0, lineColor=null, backgroundColor=null}}, SlideElement{id=2, text=, offx=2035810, offy=2205990, cx=641350, cy=317500, width=0, height=0, name=Rectangle 1, geom=rect, fontSize=0, order=0, lineColor=FF0000, backgroundColor=null}, SlideElement{id=5, text=Click, offx=152865, offy=211649, cx=1305955, cy=369332, width=0, height=0, name=TextBox 1, geom=rect, fontSize=0, order=0, lineColor=tx1, backgroundColor=EEECE1}]}
12:00:04.920 [main] DEBUG org.sikuli.slides.api.parsers.SlideParser - result: Slide{number=0, text=, elements=[ImageElement{sourceUrl=null, fileName=/var/folders/9f/93m0zv2x3519frz14yslkqmw0000gn/T/1755939604873-0/poc_171_02/ppt/slides/../media/image6.png, super=SlideElement{id=4, text=null, offx=0, offy=0, cx=3110459, cy=6858000, width=0, height=0, name=Picture 3, geom=rect, fontSize=0, order=0, lineColor=null, backgroundColor=null}}]}
2025-08-23 12:00:04.920 [main] DEBUG org.sikuli.slides.api.parsers.SlideParser - result: Slide{number=0, text=, elements=[ImageElement{sourceUrl=null, fileName=/var/folders/9f/93m0zv2x3519frz14yslkqmw0000gn/T/1755939604873-0/poc_171_02/ppt/slides/../media/image6.png, super=SlideElement{id=4, text=null, offx=0, offy=0, cx=3110459, cy=6858000, width=0, height=0, name=Picture 3, geom=rect, fontSize=0, order=0, lineColor=null, backgroundColor=null}}]}
12:00:04.921 [main] DEBUG org.sikuli.slides.api.parsers.SlideParser - result: Slide{number=0, text=Click, elements=[ImageElement{sourceUrl=null, fileName=/var/folders/9f/93m0zv2x3519frz14yslkqmw0000gn/T/1755939604873-0/poc_171_02/ppt/slides/../media/image7.png, super=SlideElement{id=4, text=null, offx=0, offy=0, cx=3110459, cy=6858000, width=0, height=0, name=Picture 3, geom=rect, fontSize=0, order=0, lineColor=null, backgroundColor=null}}, SlideElement{id=2, text=, offx=238489, offy=2067289, cx=317500, cy=317500, width=0, height=0, name=Rectangle 1, geom=rect, fontSize=0, order=0, lineColor=FF0000, backgroundColor=null}, SlideElement{id=5, text=Click, offx=152865, offy=211649, cx=1305955, cy=369332, width=0, height=0, name=TextBox 1, geom=rect, fontSize=0, order=0, lineColor=tx1, backgroundColor=EEECE1}]}
2025-08-23 12:00:04.921 [main] DEBUG org.sikuli.slides.api.parsers.SlideParser - result: Slide{number=0, text=Click, elements=[ImageElement{sourceUrl=null, fileName=/var/folders/9f/93m0zv2x3519frz14yslkqmw0000gn/T/1755939604873-0/poc_171_02/ppt/slides/../media/image7.png, super=SlideElement{id=4, text=null, offx=0, offy=0, cx=3110459, cy=6858000, width=0, height=0, name=Picture 3, geom=rect, fontSize=0, order=0, lineColor=null, backgroundColor=null}}, SlideElement{id=2, text=, offx=238489, offy=2067289, cx=317500, cy=317500, width=0, height=0, name=Rectangle 1, geom=rect, fontSize=0, order=0, lineColor=FF0000, backgroundColor=null}, SlideElement{id=5, text=Click, offx=152865, offy=211649, cx=1305955, cy=369332, width=0, height=0, name=TextBox 1, geom=rect, fontSize=0, order=0, lineColor=tx1, backgroundColor=EEECE1}]}
12:00:04.923 [main] DEBUG org.sikuli.slides.api.parsers.SlideParser - result: Slide{number=0, text=, elements=[ImageElement{sourceUrl=null, fileName=/var/folders/9f/93m0zv2x3519frz14yslkqmw0000gn/T/1755939604873-0/poc_171_02/ppt/slides/../media/image7.png, super=SlideElement{id=4, text=null, offx=0, offy=0, cx=3110459, cy=6858000, width=0, height=0, name=Picture 3, geom=rect, fontSize=0, order=0, lineColor=null, backgroundColor=null}}]}
2025-08-23 12:00:04.923 [main] DEBUG org.sikuli.slides.api.parsers.SlideParser - result: Slide{number=0, text=, elements=[ImageElement{sourceUrl=null, fileName=/var/folders/9f/93m0zv2x3519frz14yslkqmw0000gn/T/1755939604873-0/poc_171_02/ppt/slides/../media/image7.png, super=SlideElement{id=4, text=null, offx=0, offy=0, cx=3110459, cy=6858000, width=0, height=0, name=Picture 3, geom=rect, fontSize=0, order=0, lineColor=null, backgroundColor=null}}]}
12:00:04.923 [main] INFO  org.sikuli.slides.api.AutomationExecutor - Execute slide 1 of 8
2025-08-23 12:00:04.923 [main] INFO  org.sikuli.slides.api.AutomationExecutor - Execute slide 1 of 8
12:00:04.991 [main] DEBUG org.sikuli.slides.api.interpreters.DefaultInterpreter - result:ParallelAction{actions=[RetryAction{child=TargetAction{pattern=P(__BufferedImage__) S: 0.7}}]}
2025-08-23 12:00:04.991 [main] DEBUG org.sikuli.slides.api.interpreters.DefaultInterpreter - result:ParallelAction{actions=[RetryAction{child=TargetAction{pattern=P(__BufferedImage__) S: 0.7}}]}
12:00:04.992 [Thread-1] INFO  org.sikuli.slides.api.actions.TargetAction - DEBUG: TargetAction.execute() called - checking for NCC fallback integration
2025-08-23 12:00:04.992 [Thread-1] INFO  org.sikuli.slides.api.actions.TargetAction - DEBUG: TargetAction.execute() called - checking for NCC fallback integration
12:00:04.992 [Thread-1] INFO  org.sikuli.slides.api.actions.TargetAction - DEBUG: Context.getMinScore() = 0.9
2025-08-23 12:00:04.992 [Thread-1] INFO  org.sikuli.slides.api.actions.TargetAction - DEBUG: Context.getMinScore() = 0.9
12:00:04.992 [Thread-1] DEBUG org.sikuli.slides.api.actions.TargetAction - searchPattern=P(__BufferedImage__) S: 0.8999999761581421
2025-08-23 12:00:04.992 [Thread-1] DEBUG org.sikuli.slides.api.actions.TargetAction - searchPattern=P(__BufferedImage__) S: 0.8999999761581421
12:00:04.997 [Thread-1] INFO  org.sikuli.slides.api.actions.TargetAction - pattern pixel size=162x189 min_score=0.9
2025-08-23 12:00:04.997 [Thread-1] INFO  org.sikuli.slides.api.actions.TargetAction - pattern pixel size=162x189 min_score=0.9
12:00:04.997 [Thread-1] INFO  org.sikuli.slides.api.actions.TargetAction - exhaustive=true region=830x1830 positions=1098498
2025-08-23 12:00:04.997 [Thread-1] INFO  org.sikuli.slides.api.actions.TargetAction - exhaustive=true region=830x1830 positions=1098498
12:00:04.997 [Thread-1] DEBUG org.sikuli.slides.api.actions.TargetAction - pattern hasAlpha=false
2025-08-23 12:00:04.997 [Thread-1] DEBUG org.sikuli.slides.api.actions.TargetAction - pattern hasAlpha=false
12:00:04.998 [Thread-1] DEBUG org.sikuli.slides.api.actions.TargetAction - pattern grayscale_like=false awtType=5
2025-08-23 12:00:04.998 [Thread-1] DEBUG org.sikuli.slides.api.actions.TargetAction - pattern grayscale_like=false awtType=5
12:00:05.005 [Thread-1] DEBUG org.sikuli.slides.api.actions.TargetAction - saved pattern to /Users/gpetrov/mirror_src/sikuli-slides-PoC/target/debug/presearch/pattern_162x189.png firstPixelRGBA=0xfff8a9a5 checksum=8601821129017576570
2025-08-23 12:00:05.005 [Thread-1] DEBUG org.sikuli.slides.api.actions.TargetAction - saved pattern to /Users/gpetrov/mirror_src/sikuli-slides-PoC/target/debug/presearch/pattern_162x189.png firstPixelRGBA=0xfff8a9a5 checksum=8601821129017576570
12:00:05.005 [Thread-1] DEBUG org.sikuli.slides.api.actions.TargetAction - region origin=(6,126) size=830x1830 screen=R[0,0 3024x1964]@S(2)
2025-08-23 12:00:05.005 [Thread-1] DEBUG org.sikuli.slides.api.actions.TargetAction - region origin=(6,126) size=830x1830 screen=R[0,0 3024x1964]@S(2)
12:00:05.008 [Thread-1] INFO  org.sikuli.slides.api.actions.TargetAction - SikuliX Settings: experimental=false; FindProfiling=false; InputFontMono=false; InputFontSize=14; proxyName=; proxyIP=; proxyAddress=null; proxyPort=; proxyChecked=false; proxy=null; ThrowException=true; AutoWaitTimeout=3.0; WaitScanRate=3.0; ObserveScanRate=3.0; ObserveMinChangedPixels=50; RepeatWaitTime=1; MinSimilarity=0.7; AlwaysResize=0.0; DefaultPadding=50; AutoDetectKeyboardLayout=true; CheckLastSeen=true; CheckLastSeenSimilar=0.95; ImageCallback=null; DelayValue=0.3; DelayBeforeMouseDown=0.3; DelayAfterDrag=0.3; DelayBeforeDrag=-0.3; DelayBeforeDrop=0.3; WheelNatural=true; checkMousePosition=true; TypeDelay=0.0; ClickDelay=0.0; ClickTypeHack=false; BundlePath=null; OverwriteImages=false; OcrLanguageDefault=eng; OcrLanguage=eng; OcrDataPath=null; OcrTextSearch=true; OcrTextRead=true; SwitchToText=false; TRUE=true; FALSE=false; SlowMotionDelay=2.0; MoveMouseDelay=0.5; Highlight=false; DefaultHighlightTime=2.0; DefaultHighlightColor=RED; HighlightTransparent=false; WaitAfterHighlight=0.3; ActionLogs=true; InfoLogs=true; DebugLogs=false; ProfileLogs=false; TraceLogs=false; LogTime=false; UserLogs=true; UserLogPrefix=user; UserLogTime=true; ISWINDOWS=0; ISMAC=1; ISLINUX=2
2025-08-23 12:00:05.008 [Thread-1] INFO  org.sikuli.slides.api.actions.TargetAction - SikuliX Settings: experimental=false; FindProfiling=false; InputFontMono=false; InputFontSize=14; proxyName=; proxyIP=; proxyAddress=null; proxyPort=; proxyChecked=false; proxy=null; ThrowException=true; AutoWaitTimeout=3.0; WaitScanRate=3.0; ObserveScanRate=3.0; ObserveMinChangedPixels=50; RepeatWaitTime=1; MinSimilarity=0.7; AlwaysResize=0.0; DefaultPadding=50; AutoDetectKeyboardLayout=true; CheckLastSeen=true; CheckLastSeenSimilar=0.95; ImageCallback=null; DelayValue=0.3; DelayBeforeMouseDown=0.3; DelayAfterDrag=0.3; DelayBeforeDrag=-0.3; DelayBeforeDrop=0.3; WheelNatural=true; checkMousePosition=true; TypeDelay=0.0; ClickDelay=0.0; ClickTypeHack=false; BundlePath=null; OverwriteImages=false; OcrLanguageDefault=eng; OcrLanguage=eng; OcrDataPath=null; OcrTextSearch=true; OcrTextRead=true; SwitchToText=false; TRUE=true; FALSE=false; SlowMotionDelay=2.0; MoveMouseDelay=0.5; Highlight=false; DefaultHighlightTime=2.0; DefaultHighlightColor=RED; HighlightTransparent=false; WaitAfterHighlight=0.3; ActionLogs=true; InfoLogs=true; DebugLogs=false; ProfileLogs=false; TraceLogs=false; LogTime=false; UserLogs=true; UserLogPrefix=user; UserLogTime=true; ISWINDOWS=0; ISMAC=1; ISLINUX=2
12:00:05.041 [Thread-1] DEBUG org.sikuli.slides.api.actions.TargetAction - region grayscale_like=false awtType=1
2025-08-23 12:00:05.041 [Thread-1] DEBUG org.sikuli.slides.api.actions.TargetAction - region grayscale_like=false awtType=1
12:00:05.131 [Thread-1] DEBUG org.sikuli.slides.api.actions.TargetAction - saved pre-search region snapshot to /Users/gpetrov/mirror_src/sikuli-slides-PoC/target/debug/presearch/region_6_126_830x1830.png firstPixelRGBA=0xff000000 checksum=15914089841077031665
2025-08-23 12:00:05.131 [Thread-1] DEBUG org.sikuli.slides.api.actions.TargetAction - saved pre-search region snapshot to /Users/gpetrov/mirror_src/sikuli-slides-PoC/target/debug/presearch/region_6_126_830x1830.png firstPixelRGBA=0xff000000 checksum=15914089841077031665
12:00:05.131 [Thread-1] INFO  org.sikuli.slides.api.actions.TargetAction - single-scale mode: using NCC-only search (no SikuliX find/wait)
2025-08-23 12:00:05.131 [Thread-1] INFO  org.sikuli.slides.api.actions.TargetAction - single-scale mode: using NCC-only search (no SikuliX find/wait)
12:00:05.131 [Thread-1] INFO  org.sikuli.slides.api.actions.TargetAction - slide mapping: basis=picture(offx=0,offy=0,cx=3110459,cy=6858000) target(offx=902970,offy=1420495,cx=609600,cy=711835) lineColor=FF0000
2025-08-23 12:00:05.131 [Thread-1] INFO  org.sikuli.slides.api.actions.TargetAction - slide mapping: basis=picture(offx=0,offy=0,cx=3110459,cy=6858000) target(offx=902970,offy=1420495,cx=609600,cy=711835) lineColor=FF0000
12:00:05.131 [Thread-1] INFO  org.sikuli.slides.api.actions.TargetAction - auto hint: selected RED-outlined target element for hint region
2025-08-23 12:00:05.131 [Thread-1] INFO  org.sikuli.slides.api.actions.TargetAction - auto hint: selected RED-outlined target element for hint region
12:00:05.132 [Thread-1] INFO  org.sikuli.slides.api.actions.TargetAction - slide mapping basis=picture -> fractions xmin=0.2903 ymin=0.2071 xmax=0.4863 ymax=0.3109
2025-08-23 12:00:05.132 [Thread-1] INFO  org.sikuli.slides.api.actions.TargetAction - slide mapping basis=picture -> fractions xmin=0.2903 ymin=0.2071 xmax=0.4863 ymax=0.3109
12:00:05.149 [Thread-1] INFO  org.sikuli.slides.api.actions.TargetAction - hint (slide-based) computed: R[166,411 325x378]@S(2)
2025-08-23 12:00:05.149 [Thread-1] INFO  org.sikuli.slides.api.actions.TargetAction - hint (slide-based) computed: R[166,411 325x378]@S(2)
12:00:05.192 [Thread-1] INFO  org.sikuli.slides.api.actions.TargetAction - hint (image-driven) not available
2025-08-23 12:00:05.192 [Thread-1] INFO  org.sikuli.slides.api.actions.TargetAction - hint (image-driven) not available
12:00:05.193 [Thread-1] INFO  org.sikuli.slides.api.actions.TargetAction - hint selected (fallback): R[166,411 325x378]@S(2)
2025-08-23 12:00:05.193 [Thread-1] INFO  org.sikuli.slides.api.actions.TargetAction - hint selected (fallback): R[166,411 325x378]@S(2)
12:00:05.193 [Thread-1] INFO  org.sikuli.slides.api.actions.TargetAction - NCC fallback: starting custom pattern matching
2025-08-23 12:00:05.193 [Thread-1] INFO  org.sikuli.slides.api.actions.TargetAction - NCC fallback: starting custom pattern matching
12:00:05.193 [Thread-1] INFO  org.sikuli.slides.api.actions.TargetAction - NCC fallback: trying hint region first: R[166,411 325x378]@S(2)
2025-08-23 12:00:05.193 [Thread-1] INFO  org.sikuli.slides.api.actions.TargetAction - NCC fallback: trying hint region first: R[166,411 325x378]@S(2)
12:00:06.605 [Thread-1] INFO  org.sikuli.slides.api.actions.TargetAction - NCC fallback: found in hint region at L[328,599]@S(2) score=1.0000000000000642
2025-08-23 12:00:06.605 [Thread-1] INFO  org.sikuli.slides.api.actions.TargetAction - NCC fallback: found in hint region at L[328,599]@S(2) score=1.0000000000000642
12:00:06.605 [Thread-1] INFO  org.sikuli.slides.api.actions.TargetAction - match found at (328, 599) size 162x189 score=1.0000000000000642 elapsed=1.474s
2025-08-23 12:00:06.605 [Thread-1] INFO  org.sikuli.slides.api.actions.TargetAction - match found at (328, 599) size 162x189 score=1.0000000000000642 elapsed=1.474s
[log] highlight M[247,505 162x189]On(2) S 10000 for 0.5 secs
12:00:07.512 [Thread-1] DEBUG org.sikuli.slides.api.actions.LeftClickAction - executing LeftClickAction{}
2025-08-23 12:00:07.512 [Thread-1] DEBUG org.sikuli.slides.api.actions.LeftClickAction - executing LeftClickAction{}
12:00:07.562 [Thread-1] INFO  org.sikuli.slides.api.actions.LeftClickAction - Saved pre-click region image to /Users/gpetrov/mirror_src/sikuli-slides-PoC/target/clicks/slide-1-left-click.png
2025-08-23 12:00:07.562 [Thread-1] INFO  org.sikuli.slides.api.actions.LeftClickAction - Saved pre-click region image to /Users/gpetrov/mirror_src/sikuli-slides-PoC/target/clicks/slide-1-left-click.png
12:00:07.565 [Thread-1] INFO  org.sikuli.slides.api.actions.LeftClickAction - mouse left-click at (328, 599) on screen 2 within M[247,505 162x189]@S(2) S:1.00 C:328,599 [-1 msec] using SikuliX
2025-08-23 12:00:07.565 [Thread-1] INFO  org.sikuli.slides.api.actions.LeftClickAction - mouse left-click at (328, 599) on screen 2 within M[247,505 162x189]@S(2) S:1.00 C:328,599 [-1 msec] using SikuliX
[log] CLICK on L[328,599]@S(2) (779 msec)
12:00:08.346 [main] INFO  org.sikuli.slides.api.AutomationExecutor - Execute slide 2 of 8
2025-08-23 12:00:08.346 [main] INFO  org.sikuli.slides.api.AutomationExecutor - Execute slide 2 of 8
12:00:08.367 [main] DEBUG org.sikuli.slides.api.interpreters.DefaultInterpreter - result:ParallelAction{actions=[RetryAction{child=TargetAction{pattern=P(__BufferedImage__) S: 0.7}}]}
2025-08-23 12:00:08.367 [main] DEBUG org.sikuli.slides.api.interpreters.DefaultInterpreter - result:ParallelAction{actions=[RetryAction{child=TargetAction{pattern=P(__BufferedImage__) S: 0.7}}]}
12:00:08.368 [Thread-2] INFO  org.sikuli.slides.api.actions.TargetAction - DEBUG: TargetAction.execute() called - checking for NCC fallback integration
2025-08-23 12:00:08.368 [Thread-2] INFO  org.sikuli.slides.api.actions.TargetAction - DEBUG: TargetAction.execute() called - checking for NCC fallback integration
12:00:08.368 [Thread-2] INFO  org.sikuli.slides.api.actions.TargetAction - DEBUG: Context.getMinScore() = 0.9
2025-08-23 12:00:08.368 [Thread-2] INFO  org.sikuli.slides.api.actions.TargetAction - DEBUG: Context.getMinScore() = 0.9
12:00:08.369 [Thread-2] DEBUG org.sikuli.slides.api.actions.TargetAction - searchPattern=P(__BufferedImage__) S: 0.8999999761581421
2025-08-23 12:00:08.369 [Thread-2] DEBUG org.sikuli.slides.api.actions.TargetAction - searchPattern=P(__BufferedImage__) S: 0.8999999761581421
12:00:08.369 [Thread-2] INFO  org.sikuli.slides.api.actions.TargetAction - pattern pixel size=471x84 min_score=0.9
2025-08-23 12:00:08.369 [Thread-2] INFO  org.sikuli.slides.api.actions.TargetAction - pattern pixel size=471x84 min_score=0.9
12:00:08.369 [Thread-2] INFO  org.sikuli.slides.api.actions.TargetAction - exhaustive=true region=830x1830 positions=628920
2025-08-23 12:00:08.369 [Thread-2] INFO  org.sikuli.slides.api.actions.TargetAction - exhaustive=true region=830x1830 positions=628920
12:00:08.369 [Thread-2] DEBUG org.sikuli.slides.api.actions.TargetAction - pattern hasAlpha=false
2025-08-23 12:00:08.369 [Thread-2] DEBUG org.sikuli.slides.api.actions.TargetAction - pattern hasAlpha=false
12:00:08.370 [Thread-2] DEBUG org.sikuli.slides.api.actions.TargetAction - pattern grayscale_like=true awtType=5
2025-08-23 12:00:08.370 [Thread-2] DEBUG org.sikuli.slides.api.actions.TargetAction - pattern grayscale_like=true awtType=5
12:00:08.374 [Thread-2] DEBUG org.sikuli.slides.api.actions.TargetAction - saved pattern to /Users/gpetrov/mirror_src/sikuli-slides-PoC/target/debug/presearch/pattern_471x84.png firstPixelRGBA=0xff151515 checksum=15531797740551555206
2025-08-23 12:00:08.374 [Thread-2] DEBUG org.sikuli.slides.api.actions.TargetAction - saved pattern to /Users/gpetrov/mirror_src/sikuli-slides-PoC/target/debug/presearch/pattern_471x84.png firstPixelRGBA=0xff151515 checksum=15531797740551555206
12:00:08.375 [Thread-2] DEBUG org.sikuli.slides.api.actions.TargetAction - region origin=(6,126) size=830x1830 screen=R[0,0 3024x1964]@S(2)
2025-08-23 12:00:08.375 [Thread-2] DEBUG org.sikuli.slides.api.actions.TargetAction - region origin=(6,126) size=830x1830 screen=R[0,0 3024x1964]@S(2)
12:00:08.376 [Thread-2] INFO  org.sikuli.slides.api.actions.TargetAction - SikuliX Settings: experimental=false; FindProfiling=false; InputFontMono=false; InputFontSize=14; proxyName=; proxyIP=; proxyAddress=null; proxyPort=; proxyChecked=false; proxy=null; ThrowException=true; AutoWaitTimeout=3.0; WaitScanRate=3.0; ObserveScanRate=3.0; ObserveMinChangedPixels=50; RepeatWaitTime=1; MinSimilarity=0.7; AlwaysResize=0.0; DefaultPadding=50; AutoDetectKeyboardLayout=true; CheckLastSeen=true; CheckLastSeenSimilar=0.95; ImageCallback=null; DelayValue=0.3; DelayBeforeMouseDown=0.3; DelayAfterDrag=0.3; DelayBeforeDrag=-0.3; DelayBeforeDrop=0.3; WheelNatural=true; checkMousePosition=true; TypeDelay=0.0; ClickDelay=0.0; ClickTypeHack=false; BundlePath=null; OverwriteImages=false; OcrLanguageDefault=eng; OcrLanguage=eng; OcrDataPath=null; OcrTextSearch=true; OcrTextRead=true; SwitchToText=false; TRUE=true; FALSE=false; SlowMotionDelay=2.0; MoveMouseDelay=0.5; Highlight=false; DefaultHighlightTime=2.0; DefaultHighlightColor=RED; HighlightTransparent=false; WaitAfterHighlight=0.3; ActionLogs=true; InfoLogs=true; DebugLogs=false; ProfileLogs=false; TraceLogs=false; LogTime=false; UserLogs=true; UserLogPrefix=user; UserLogTime=true; ISWINDOWS=0; ISMAC=1; ISLINUX=2
2025-08-23 12:00:08.376 [Thread-2] INFO  org.sikuli.slides.api.actions.TargetAction - SikuliX Settings: experimental=false; FindProfiling=false; InputFontMono=false; InputFontSize=14; proxyName=; proxyIP=; proxyAddress=null; proxyPort=; proxyChecked=false; proxy=null; ThrowException=true; AutoWaitTimeout=3.0; WaitScanRate=3.0; ObserveScanRate=3.0; ObserveMinChangedPixels=50; RepeatWaitTime=1; MinSimilarity=0.7; AlwaysResize=0.0; DefaultPadding=50; AutoDetectKeyboardLayout=true; CheckLastSeen=true; CheckLastSeenSimilar=0.95; ImageCallback=null; DelayValue=0.3; DelayBeforeMouseDown=0.3; DelayAfterDrag=0.3; DelayBeforeDrag=-0.3; DelayBeforeDrop=0.3; WheelNatural=true; checkMousePosition=true; TypeDelay=0.0; ClickDelay=0.0; ClickTypeHack=false; BundlePath=null; OverwriteImages=false; OcrLanguageDefault=eng; OcrLanguage=eng; OcrDataPath=null; OcrTextSearch=true; OcrTextRead=true; SwitchToText=false; TRUE=true; FALSE=false; SlowMotionDelay=2.0; MoveMouseDelay=0.5; Highlight=false; DefaultHighlightTime=2.0; DefaultHighlightColor=RED; HighlightTransparent=false; WaitAfterHighlight=0.3; ActionLogs=true; InfoLogs=true; DebugLogs=false; ProfileLogs=false; TraceLogs=false; LogTime=false; UserLogs=true; UserLogPrefix=user; UserLogTime=true; ISWINDOWS=0; ISMAC=1; ISLINUX=2
12:00:08.405 [Thread-2] DEBUG org.sikuli.slides.api.actions.TargetAction - region grayscale_like=false awtType=1
2025-08-23 12:00:08.405 [Thread-2] DEBUG org.sikuli.slides.api.actions.TargetAction - region grayscale_like=false awtType=1
12:00:08.497 [Thread-2] DEBUG org.sikuli.slides.api.actions.TargetAction - saved pre-search region snapshot to /Users/gpetrov/mirror_src/sikuli-slides-PoC/target/debug/presearch/region_6_126_830x1830.png firstPixelRGBA=0xff000000 checksum=6091005635989257477
2025-08-23 12:00:08.497 [Thread-2] DEBUG org.sikuli.slides.api.actions.TargetAction - saved pre-search region snapshot to /Users/gpetrov/mirror_src/sikuli-slides-PoC/target/debug/presearch/region_6_126_830x1830.png firstPixelRGBA=0xff000000 checksum=6091005635989257477
12:00:08.497 [Thread-2] INFO  org.sikuli.slides.api.actions.TargetAction - single-scale mode: using NCC-only search (no SikuliX find/wait)
2025-08-23 12:00:08.497 [Thread-2] INFO  org.sikuli.slides.api.actions.TargetAction - single-scale mode: using NCC-only search (no SikuliX find/wait)
12:00:08.498 [Thread-2] INFO  org.sikuli.slides.api.actions.TargetAction - slide mapping: basis=picture(offx=0,offy=0,cx=3110459,cy=6858000) target(offx=694690,offy=3753485,cx=1767205,cy=317500) lineColor=FF0000
2025-08-23 12:00:08.498 [Thread-2] INFO  org.sikuli.slides.api.actions.TargetAction - slide mapping: basis=picture(offx=0,offy=0,cx=3110459,cy=6858000) target(offx=694690,offy=3753485,cx=1767205,cy=317500) lineColor=FF0000
12:00:08.498 [Thread-2] INFO  org.sikuli.slides.api.actions.TargetAction - auto hint: selected RED-outlined target element for hint region
2025-08-23 12:00:08.498 [Thread-2] INFO  org.sikuli.slides.api.actions.TargetAction - auto hint: selected RED-outlined target element for hint region
12:00:08.498 [Thread-2] INFO  org.sikuli.slides.api.actions.TargetAction - slide mapping basis=picture -> fractions xmin=0.2233 ymin=0.5473 xmax=0.7915 ymax=0.5936
2025-08-23 12:00:08.498 [Thread-2] INFO  org.sikuli.slides.api.actions.TargetAction - slide mapping basis=picture -> fractions xmin=0.2233 ymin=0.5473 xmax=0.7915 ymax=0.5936
12:00:08.515 [Thread-2] INFO  org.sikuli.slides.api.actions.TargetAction - hint (slide-based) computed: R[6,1086 830x169]@S(2)
2025-08-23 12:00:08.515 [Thread-2] INFO  org.sikuli.slides.api.actions.TargetAction - hint (slide-based) computed: R[6,1086 830x169]@S(2)
12:00:08.542 [Thread-2] INFO  org.sikuli.slides.api.actions.TargetAction - hint (image-driven) not available
2025-08-23 12:00:08.542 [Thread-2] INFO  org.sikuli.slides.api.actions.TargetAction - hint (image-driven) not available
12:00:08.543 [Thread-2] INFO  org.sikuli.slides.api.actions.TargetAction - hint selected (fallback): R[6,1086 830x169]@S(2)
2025-08-23 12:00:08.543 [Thread-2] INFO  org.sikuli.slides.api.actions.TargetAction - hint selected (fallback): R[6,1086 830x169]@S(2)
12:00:08.543 [Thread-2] INFO  org.sikuli.slides.api.actions.TargetAction - NCC fallback: starting custom pattern matching
2025-08-23 12:00:08.543 [Thread-2] INFO  org.sikuli.slides.api.actions.TargetAction - NCC fallback: starting custom pattern matching
12:00:08.543 [Thread-2] INFO  org.sikuli.slides.api.actions.TargetAction - NCC fallback: trying hint region first: R[6,1086 830x169]@S(2)
2025-08-23 12:00:08.543 [Thread-2] INFO  org.sikuli.slides.api.actions.TargetAction - NCC fallback: trying hint region first: R[6,1086 830x169]@S(2)
12:00:10.505 [Thread-2] INFO  org.sikuli.slides.api.actions.TargetAction - NCC fallback: hint pre-wait attempt 1 no match (>= 0.8999999761581421) elapsed=1942ms of 3000ms
2025-08-23 12:00:10.505 [Thread-2] INFO  org.sikuli.slides.api.actions.TargetAction - NCC fallback: hint pre-wait attempt 1 no match (>= 0.8999999761581421) elapsed=1942ms of 3000ms
12:00:12.680 [Thread-2] INFO  org.sikuli.slides.api.actions.TargetAction - NCC fallback: hint pre-wait attempt 2 no match (>= 0.8999999761581421) elapsed=4117ms of 3000ms
2025-08-23 12:00:12.680 [Thread-2] INFO  org.sikuli.slides.api.actions.TargetAction - NCC fallback: hint pre-wait attempt 2 no match (>= 0.8999999761581421) elapsed=4117ms of 3000ms
12:00:12.680 [Thread-2] INFO  org.sikuli.slides.api.actions.TargetAction - NCC fallback: no match in hint region after pre-wait (attempts=2, elapsed=4117ms); proceeding to expansion
2025-08-23 12:00:12.680 [Thread-2] INFO  org.sikuli.slides.api.actions.TargetAction - NCC fallback: no match in hint region after pre-wait (attempts=2, elapsed=4117ms); proceeding to expansion
12:00:12.680 [Thread-2] INFO  org.sikuli.slides.api.actions.TargetAction - NCC fallback: expanding hint region and retrying: R[6,986 830x369]@S(2)
2025-08-23 12:00:12.680 [Thread-2] INFO  org.sikuli.slides.api.actions.TargetAction - NCC fallback: expanding hint region and retrying: R[6,986 830x369]@S(2)
12:00:18.694 [Thread-2] INFO  org.sikuli.slides.api.actions.TargetAction - NCC fallback: found in expanded hint region at L[426,1170]@S(2) score=0.9999990663394216
2025-08-23 12:00:18.694 [Thread-2] INFO  org.sikuli.slides.api.actions.TargetAction - NCC fallback: found in expanded hint region at L[426,1170]@S(2) score=0.9999990663394216
12:00:18.695 [Thread-2] INFO  org.sikuli.slides.api.actions.TargetAction - match found at (426, 1170) size 471x84 score=0.9999990663394216 elapsed=10.198s
2025-08-23 12:00:18.695 [Thread-2] INFO  org.sikuli.slides.api.actions.TargetAction - match found at (426, 1170) size 471x84 score=0.9999990663394216 elapsed=10.198s
[log] highlight M[191,1128 471x84]On(2) S 10000 for 0.5 secs
12:00:19.528 [Thread-2] DEBUG org.sikuli.slides.api.actions.LeftClickAction - executing LeftClickAction{}
2025-08-23 12:00:19.528 [Thread-2] DEBUG org.sikuli.slides.api.actions.LeftClickAction - executing LeftClickAction{}
12:00:19.574 [Thread-2] INFO  org.sikuli.slides.api.actions.LeftClickAction - Saved pre-click region image to /Users/gpetrov/mirror_src/sikuli-slides-PoC/target/clicks/slide-2-left-click.png
2025-08-23 12:00:19.574 [Thread-2] INFO  org.sikuli.slides.api.actions.LeftClickAction - Saved pre-click region image to /Users/gpetrov/mirror_src/sikuli-slides-PoC/target/clicks/slide-2-left-click.png
12:00:19.574 [Thread-2] INFO  org.sikuli.slides.api.actions.LeftClickAction - mouse left-click at (426, 1170) on screen 2 within M[191,1128 471x84]@S(2) S:1.00 C:426,1170 [-1 msec] using SikuliX
2025-08-23 12:00:19.574 [Thread-2] INFO  org.sikuli.slides.api.actions.LeftClickAction - mouse left-click at (426, 1170) on screen 2 within M[191,1128 471x84]@S(2) S:1.00 C:426,1170 [-1 msec] using SikuliX
[log] CLICK on L[426,1170]@S(2) (632 msec)
12:00:20.207 [main] INFO  org.sikuli.slides.api.AutomationExecutor - Execute slide 3 of 8
2025-08-23 12:00:20.207 [main] INFO  org.sikuli.slides.api.AutomationExecutor - Execute slide 3 of 8
12:00:20.227 [main] DEBUG org.sikuli.slides.api.interpreters.DefaultInterpreter - result:ParallelAction{actions=[RetryAction{child=TargetAction{pattern=P(__BufferedImage__) S: 0.7}}]}
2025-08-23 12:00:20.227 [main] DEBUG org.sikuli.slides.api.interpreters.DefaultInterpreter - result:ParallelAction{actions=[RetryAction{child=TargetAction{pattern=P(__BufferedImage__) S: 0.7}}]}
12:00:20.227 [Thread-3] INFO  org.sikuli.slides.api.actions.TargetAction - DEBUG: TargetAction.execute() called - checking for NCC fallback integration
2025-08-23 12:00:20.227 [Thread-3] INFO  org.sikuli.slides.api.actions.TargetAction - DEBUG: TargetAction.execute() called - checking for NCC fallback integration
12:00:20.227 [Thread-3] INFO  org.sikuli.slides.api.actions.TargetAction - DEBUG: Context.getMinScore() = 0.9
2025-08-23 12:00:20.227 [Thread-3] INFO  org.sikuli.slides.api.actions.TargetAction - DEBUG: Context.getMinScore() = 0.9
12:00:20.227 [Thread-3] DEBUG org.sikuli.slides.api.actions.TargetAction - searchPattern=P(__BufferedImage__) S: 0.8999999761581421
2025-08-23 12:00:20.227 [Thread-3] DEBUG org.sikuli.slides.api.actions.TargetAction - searchPattern=P(__BufferedImage__) S: 0.8999999761581421
12:00:20.227 [Thread-3] INFO  org.sikuli.slides.api.actions.TargetAction - pattern pixel size=749x126 min_score=0.9
2025-08-23 12:00:20.227 [Thread-3] INFO  org.sikuli.slides.api.actions.TargetAction - pattern pixel size=749x126 min_score=0.9
12:00:20.227 [Thread-3] INFO  org.sikuli.slides.api.actions.TargetAction - exhaustive=true region=830x1830 positions=139810
2025-08-23 12:00:20.227 [Thread-3] INFO  org.sikuli.slides.api.actions.TargetAction - exhaustive=true region=830x1830 positions=139810
12:00:20.228 [Thread-3] DEBUG org.sikuli.slides.api.actions.TargetAction - pattern hasAlpha=false
2025-08-23 12:00:20.228 [Thread-3] DEBUG org.sikuli.slides.api.actions.TargetAction - pattern hasAlpha=false
12:00:20.228 [Thread-3] DEBUG org.sikuli.slides.api.actions.TargetAction - pattern grayscale_like=false awtType=5
2025-08-23 12:00:20.228 [Thread-3] DEBUG org.sikuli.slides.api.actions.TargetAction - pattern grayscale_like=false awtType=5
12:00:20.233 [Thread-3] DEBUG org.sikuli.slides.api.actions.TargetAction - saved pattern to /Users/gpetrov/mirror_src/sikuli-slides-PoC/target/debug/presearch/pattern_749x126.png firstPixelRGBA=0xff151515 checksum=14430618583408428914
2025-08-23 12:00:20.233 [Thread-3] DEBUG org.sikuli.slides.api.actions.TargetAction - saved pattern to /Users/gpetrov/mirror_src/sikuli-slides-PoC/target/debug/presearch/pattern_749x126.png firstPixelRGBA=0xff151515 checksum=14430618583408428914
12:00:20.234 [Thread-3] DEBUG org.sikuli.slides.api.actions.TargetAction - region origin=(6,126) size=830x1830 screen=R[0,0 3024x1964]@S(2)
2025-08-23 12:00:20.234 [Thread-3] DEBUG org.sikuli.slides.api.actions.TargetAction - region origin=(6,126) size=830x1830 screen=R[0,0 3024x1964]@S(2)
12:00:20.234 [Thread-3] INFO  org.sikuli.slides.api.actions.TargetAction - SikuliX Settings: experimental=false; FindProfiling=false; InputFontMono=false; InputFontSize=14; proxyName=; proxyIP=; proxyAddress=null; proxyPort=; proxyChecked=false; proxy=null; ThrowException=true; AutoWaitTimeout=3.0; WaitScanRate=3.0; ObserveScanRate=3.0; ObserveMinChangedPixels=50; RepeatWaitTime=1; MinSimilarity=0.7; AlwaysResize=0.0; DefaultPadding=50; AutoDetectKeyboardLayout=true; CheckLastSeen=true; CheckLastSeenSimilar=0.95; ImageCallback=null; DelayValue=0.3; DelayBeforeMouseDown=0.3; DelayAfterDrag=0.3; DelayBeforeDrag=-0.3; DelayBeforeDrop=0.3; WheelNatural=true; checkMousePosition=true; TypeDelay=0.0; ClickDelay=0.0; ClickTypeHack=false; BundlePath=null; OverwriteImages=false; OcrLanguageDefault=eng; OcrLanguage=eng; OcrDataPath=null; OcrTextSearch=true; OcrTextRead=true; SwitchToText=false; TRUE=true; FALSE=false; SlowMotionDelay=2.0; MoveMouseDelay=0.5; Highlight=false; DefaultHighlightTime=2.0; DefaultHighlightColor=RED; HighlightTransparent=false; WaitAfterHighlight=0.3; ActionLogs=true; InfoLogs=true; DebugLogs=false; ProfileLogs=false; TraceLogs=false; LogTime=false; UserLogs=true; UserLogPrefix=user; UserLogTime=true; ISWINDOWS=0; ISMAC=1; ISLINUX=2
2025-08-23 12:00:20.234 [Thread-3] INFO  org.sikuli.slides.api.actions.TargetAction - SikuliX Settings: experimental=false; FindProfiling=false; InputFontMono=false; InputFontSize=14; proxyName=; proxyIP=; proxyAddress=null; proxyPort=; proxyChecked=false; proxy=null; ThrowException=true; AutoWaitTimeout=3.0; WaitScanRate=3.0; ObserveScanRate=3.0; ObserveMinChangedPixels=50; RepeatWaitTime=1; MinSimilarity=0.7; AlwaysResize=0.0; DefaultPadding=50; AutoDetectKeyboardLayout=true; CheckLastSeen=true; CheckLastSeenSimilar=0.95; ImageCallback=null; DelayValue=0.3; DelayBeforeMouseDown=0.3; DelayAfterDrag=0.3; DelayBeforeDrag=-0.3; DelayBeforeDrop=0.3; WheelNatural=true; checkMousePosition=true; TypeDelay=0.0; ClickDelay=0.0; ClickTypeHack=false; BundlePath=null; OverwriteImages=false; OcrLanguageDefault=eng; OcrLanguage=eng; OcrDataPath=null; OcrTextSearch=true; OcrTextRead=true; SwitchToText=false; TRUE=true; FALSE=false; SlowMotionDelay=2.0; MoveMouseDelay=0.5; Highlight=false; DefaultHighlightTime=2.0; DefaultHighlightColor=RED; HighlightTransparent=false; WaitAfterHighlight=0.3; ActionLogs=true; InfoLogs=true; DebugLogs=false; ProfileLogs=false; TraceLogs=false; LogTime=false; UserLogs=true; UserLogPrefix=user; UserLogTime=true; ISWINDOWS=0; ISMAC=1; ISLINUX=2
12:00:20.257 [Thread-3] DEBUG org.sikuli.slides.api.actions.TargetAction - region grayscale_like=true awtType=1
2025-08-23 12:00:20.257 [Thread-3] DEBUG org.sikuli.slides.api.actions.TargetAction - region grayscale_like=true awtType=1
12:00:20.290 [Thread-3] DEBUG org.sikuli.slides.api.actions.TargetAction - saved pre-search region snapshot to /Users/gpetrov/mirror_src/sikuli-slides-PoC/target/debug/presearch/region_6_126_830x1830.png firstPixelRGBA=0xff000000 checksum=802741669386362382
2025-08-23 12:00:20.290 [Thread-3] DEBUG org.sikuli.slides.api.actions.TargetAction - saved pre-search region snapshot to /Users/gpetrov/mirror_src/sikuli-slides-PoC/target/debug/presearch/region_6_126_830x1830.png firstPixelRGBA=0xff000000 checksum=802741669386362382
12:00:20.290 [Thread-3] INFO  org.sikuli.slides.api.actions.TargetAction - single-scale mode: using NCC-only search (no SikuliX find/wait)
2025-08-23 12:00:20.290 [Thread-3] INFO  org.sikuli.slides.api.actions.TargetAction - single-scale mode: using NCC-only search (no SikuliX find/wait)
12:00:20.290 [Thread-3] INFO  org.sikuli.slides.api.actions.TargetAction - slide mapping: basis=picture(offx=0,offy=0,cx=3110459,cy=6858000) target(offx=153035,offy=3648075,cx=2809875,cy=475615) lineColor=FF0000
2025-08-23 12:00:20.290 [Thread-3] INFO  org.sikuli.slides.api.actions.TargetAction - slide mapping: basis=picture(offx=0,offy=0,cx=3110459,cy=6858000) target(offx=153035,offy=3648075,cx=2809875,cy=475615) lineColor=FF0000
12:00:20.290 [Thread-3] INFO  org.sikuli.slides.api.actions.TargetAction - auto hint: selected RED-outlined target element for hint region
2025-08-23 12:00:20.290 [Thread-3] INFO  org.sikuli.slides.api.actions.TargetAction - auto hint: selected RED-outlined target element for hint region
12:00:20.290 [Thread-3] INFO  org.sikuli.slides.api.actions.TargetAction - slide mapping basis=picture -> fractions xmin=0.0492 ymin=0.5319 xmax=0.9526 ymax=0.6013
2025-08-23 12:00:20.290 [Thread-3] INFO  org.sikuli.slides.api.actions.TargetAction - slide mapping basis=picture -> fractions xmin=0.0492 ymin=0.5319 xmax=0.9526 ymax=0.6013
12:00:20.309 [Thread-3] INFO  org.sikuli.slides.api.actions.TargetAction - hint (slide-based) computed: R[6,1036 830x253]@S(2)
2025-08-23 12:00:20.309 [Thread-3] INFO  org.sikuli.slides.api.actions.TargetAction - hint (slide-based) computed: R[6,1036 830x253]@S(2)
12:00:20.335 [Thread-3] INFO  org.sikuli.slides.api.actions.TargetAction - hint (image-driven) not available
2025-08-23 12:00:20.335 [Thread-3] INFO  org.sikuli.slides.api.actions.TargetAction - hint (image-driven) not available
12:00:20.336 [Thread-3] INFO  org.sikuli.slides.api.actions.TargetAction - hint selected (fallback): R[6,1036 830x253]@S(2)
2025-08-23 12:00:20.336 [Thread-3] INFO  org.sikuli.slides.api.actions.TargetAction - hint selected (fallback): R[6,1036 830x253]@S(2)
12:00:20.336 [Thread-3] INFO  org.sikuli.slides.api.actions.TargetAction - NCC fallback: starting custom pattern matching
2025-08-23 12:00:20.336 [Thread-3] INFO  org.sikuli.slides.api.actions.TargetAction - NCC fallback: starting custom pattern matching
12:00:20.336 [Thread-3] INFO  org.sikuli.slides.api.actions.TargetAction - NCC fallback: trying hint region first: R[6,1036 830x253]@S(2)
2025-08-23 12:00:20.336 [Thread-3] INFO  org.sikuli.slides.api.actions.TargetAction - NCC fallback: trying hint region first: R[6,1036 830x253]@S(2)
12:00:21.835 [Thread-3] INFO  org.sikuli.slides.api.actions.TargetAction - NCC fallback: hint pre-wait attempt 1 no match (>= 0.8999999761581421) elapsed=1473ms of 3000ms
2025-08-23 12:00:21.835 [Thread-3] INFO  org.sikuli.slides.api.actions.TargetAction - NCC fallback: hint pre-wait attempt 1 no match (>= 0.8999999761581421) elapsed=1473ms of 3000ms
12:00:23.640 [Thread-3] INFO  org.sikuli.slides.api.actions.TargetAction - NCC fallback: found in hint region at L[421,1162]@S(2) score=0.9999999734861134
2025-08-23 12:00:23.640 [Thread-3] INFO  org.sikuli.slides.api.actions.TargetAction - NCC fallback: found in hint region at L[421,1162]@S(2) score=0.9999999734861134
12:00:23.641 [Thread-3] INFO  org.sikuli.slides.api.actions.TargetAction - match found at (421, 1162) size 749x126 score=0.9999999734861134 elapsed=3.351s
2025-08-23 12:00:23.641 [Thread-3] INFO  org.sikuli.slides.api.actions.TargetAction - match found at (421, 1162) size 749x126 score=0.9999999734861134 elapsed=3.351s
[log] highlight M[47,1099 749x126]On(2) S 10000 for 0.5 secs
12:00:24.462 [Thread-3] DEBUG org.sikuli.slides.api.actions.LeftClickAction - executing LeftClickAction{}
2025-08-23 12:00:24.462 [Thread-3] DEBUG org.sikuli.slides.api.actions.LeftClickAction - executing LeftClickAction{}
12:00:24.508 [Thread-3] INFO  org.sikuli.slides.api.actions.LeftClickAction - Saved pre-click region image to /Users/gpetrov/mirror_src/sikuli-slides-PoC/target/clicks/slide-3-left-click.png
2025-08-23 12:00:24.508 [Thread-3] INFO  org.sikuli.slides.api.actions.LeftClickAction - Saved pre-click region image to /Users/gpetrov/mirror_src/sikuli-slides-PoC/target/clicks/slide-3-left-click.png
12:00:24.509 [Thread-3] INFO  org.sikuli.slides.api.actions.LeftClickAction - mouse left-click at (421, 1162) on screen 2 within M[47,1099 749x126]@S(2) S:1.00 C:421,1162 [-1 msec] using SikuliX
2025-08-23 12:00:24.509 [Thread-3] INFO  org.sikuli.slides.api.actions.LeftClickAction - mouse left-click at (421, 1162) on screen 2 within M[47,1099 749x126]@S(2) S:1.00 C:421,1162 [-1 msec] using SikuliX
[log] CLICK on L[421,1162]@S(2) (636 msec)
12:00:25.145 [main] INFO  org.sikuli.slides.api.AutomationExecutor - Execute slide 4 of 8
2025-08-23 12:00:25.145 [main] INFO  org.sikuli.slides.api.AutomationExecutor - Execute slide 4 of 8
12:00:25.173 [main] DEBUG org.sikuli.slides.api.interpreters.DefaultInterpreter - result:ParallelAction{actions=[RetryAction{child=TargetAction{pattern=P(__BufferedImage__) S: 0.7}}]}
2025-08-23 12:00:25.173 [main] DEBUG org.sikuli.slides.api.interpreters.DefaultInterpreter - result:ParallelAction{actions=[RetryAction{child=TargetAction{pattern=P(__BufferedImage__) S: 0.7}}]}
12:00:25.175 [Thread-4] INFO  org.sikuli.slides.api.actions.TargetAction - DEBUG: TargetAction.execute() called - checking for NCC fallback integration
2025-08-23 12:00:25.175 [Thread-4] INFO  org.sikuli.slides.api.actions.TargetAction - DEBUG: TargetAction.execute() called - checking for NCC fallback integration
12:00:25.176 [Thread-4] INFO  org.sikuli.slides.api.actions.TargetAction - DEBUG: Context.getMinScore() = 0.9
2025-08-23 12:00:25.176 [Thread-4] INFO  org.sikuli.slides.api.actions.TargetAction - DEBUG: Context.getMinScore() = 0.9
12:00:25.176 [Thread-4] DEBUG org.sikuli.slides.api.actions.TargetAction - searchPattern=P(__BufferedImage__) S: 0.8999999761581421
2025-08-23 12:00:25.176 [Thread-4] DEBUG org.sikuli.slides.api.actions.TargetAction - searchPattern=P(__BufferedImage__) S: 0.8999999761581421
12:00:25.177 [Thread-4] INFO  org.sikuli.slides.api.actions.TargetAction - pattern pixel size=83x84 min_score=0.9
2025-08-23 12:00:25.177 [Thread-4] INFO  org.sikuli.slides.api.actions.TargetAction - pattern pixel size=83x84 min_score=0.9
12:00:25.177 [Thread-4] INFO  org.sikuli.slides.api.actions.TargetAction - exhaustive=true region=830x1830 positions=1306756
2025-08-23 12:00:25.177 [Thread-4] INFO  org.sikuli.slides.api.actions.TargetAction - exhaustive=true region=830x1830 positions=1306756
12:00:25.177 [Thread-4] DEBUG org.sikuli.slides.api.actions.TargetAction - pattern hasAlpha=false
2025-08-23 12:00:25.177 [Thread-4] DEBUG org.sikuli.slides.api.actions.TargetAction - pattern hasAlpha=false
12:00:25.177 [Thread-4] DEBUG org.sikuli.slides.api.actions.TargetAction - pattern grayscale_like=true awtType=5
2025-08-23 12:00:25.177 [Thread-4] DEBUG org.sikuli.slides.api.actions.TargetAction - pattern grayscale_like=true awtType=5
12:00:25.181 [Thread-4] DEBUG org.sikuli.slides.api.actions.TargetAction - saved pattern to /Users/gpetrov/mirror_src/sikuli-slides-PoC/target/debug/presearch/pattern_83x84.png firstPixelRGBA=0xff151515 checksum=7581404928348831118
2025-08-23 12:00:25.181 [Thread-4] DEBUG org.sikuli.slides.api.actions.TargetAction - saved pattern to /Users/gpetrov/mirror_src/sikuli-slides-PoC/target/debug/presearch/pattern_83x84.png firstPixelRGBA=0xff151515 checksum=7581404928348831118
12:00:25.182 [Thread-4] DEBUG org.sikuli.slides.api.actions.TargetAction - region origin=(6,126) size=830x1830 screen=R[0,0 3024x1964]@S(2)
2025-08-23 12:00:25.182 [Thread-4] DEBUG org.sikuli.slides.api.actions.TargetAction - region origin=(6,126) size=830x1830 screen=R[0,0 3024x1964]@S(2)
12:00:25.183 [Thread-4] INFO  org.sikuli.slides.api.actions.TargetAction - SikuliX Settings: experimental=false; FindProfiling=false; InputFontMono=false; InputFontSize=14; proxyName=; proxyIP=; proxyAddress=null; proxyPort=; proxyChecked=false; proxy=null; ThrowException=true; AutoWaitTimeout=3.0; WaitScanRate=3.0; ObserveScanRate=3.0; ObserveMinChangedPixels=50; RepeatWaitTime=1; MinSimilarity=0.7; AlwaysResize=0.0; DefaultPadding=50; AutoDetectKeyboardLayout=true; CheckLastSeen=true; CheckLastSeenSimilar=0.95; ImageCallback=null; DelayValue=0.3; DelayBeforeMouseDown=0.3; DelayAfterDrag=0.3; DelayBeforeDrag=-0.3; DelayBeforeDrop=0.3; WheelNatural=true; checkMousePosition=true; TypeDelay=0.0; ClickDelay=0.0; ClickTypeHack=false; BundlePath=null; OverwriteImages=false; OcrLanguageDefault=eng; OcrLanguage=eng; OcrDataPath=null; OcrTextSearch=true; OcrTextRead=true; SwitchToText=false; TRUE=true; FALSE=false; SlowMotionDelay=2.0; MoveMouseDelay=0.5; Highlight=false; DefaultHighlightTime=2.0; DefaultHighlightColor=RED; HighlightTransparent=false; WaitAfterHighlight=0.3; ActionLogs=true; InfoLogs=true; DebugLogs=false; ProfileLogs=false; TraceLogs=false; LogTime=false; UserLogs=true; UserLogPrefix=user; UserLogTime=true; ISWINDOWS=0; ISMAC=1; ISLINUX=2
2025-08-23 12:00:25.183 [Thread-4] INFO  org.sikuli.slides.api.actions.TargetAction - SikuliX Settings: experimental=false; FindProfiling=false; InputFontMono=false; InputFontSize=14; proxyName=; proxyIP=; proxyAddress=null; proxyPort=; proxyChecked=false; proxy=null; ThrowException=true; AutoWaitTimeout=3.0; WaitScanRate=3.0; ObserveScanRate=3.0; ObserveMinChangedPixels=50; RepeatWaitTime=1; MinSimilarity=0.7; AlwaysResize=0.0; DefaultPadding=50; AutoDetectKeyboardLayout=true; CheckLastSeen=true; CheckLastSeenSimilar=0.95; ImageCallback=null; DelayValue=0.3; DelayBeforeMouseDown=0.3; DelayAfterDrag=0.3; DelayBeforeDrag=-0.3; DelayBeforeDrop=0.3; WheelNatural=true; checkMousePosition=true; TypeDelay=0.0; ClickDelay=0.0; ClickTypeHack=false; BundlePath=null; OverwriteImages=false; OcrLanguageDefault=eng; OcrLanguage=eng; OcrDataPath=null; OcrTextSearch=true; OcrTextRead=true; SwitchToText=false; TRUE=true; FALSE=false; SlowMotionDelay=2.0; MoveMouseDelay=0.5; Highlight=false; DefaultHighlightTime=2.0; DefaultHighlightColor=RED; HighlightTransparent=false; WaitAfterHighlight=0.3; ActionLogs=true; InfoLogs=true; DebugLogs=false; ProfileLogs=false; TraceLogs=false; LogTime=false; UserLogs=true; UserLogPrefix=user; UserLogTime=true; ISWINDOWS=0; ISMAC=1; ISLINUX=2
12:00:25.219 [Thread-4] DEBUG org.sikuli.slides.api.actions.TargetAction - region grayscale_like=true awtType=1
2025-08-23 12:00:25.219 [Thread-4] DEBUG org.sikuli.slides.api.actions.TargetAction - region grayscale_like=true awtType=1
12:00:25.307 [Thread-4] DEBUG org.sikuli.slides.api.actions.TargetAction - saved pre-search region snapshot to /Users/gpetrov/mirror_src/sikuli-slides-PoC/target/debug/presearch/region_6_126_830x1830.png firstPixelRGBA=0xff000000 checksum=6272152911088092159
2025-08-23 12:00:25.307 [Thread-4] DEBUG org.sikuli.slides.api.actions.TargetAction - saved pre-search region snapshot to /Users/gpetrov/mirror_src/sikuli-slides-PoC/target/debug/presearch/region_6_126_830x1830.png firstPixelRGBA=0xff000000 checksum=6272152911088092159
12:00:25.308 [Thread-4] INFO  org.sikuli.slides.api.actions.TargetAction - single-scale mode: using NCC-only search (no SikuliX find/wait)
2025-08-23 12:00:25.308 [Thread-4] INFO  org.sikuli.slides.api.actions.TargetAction - single-scale mode: using NCC-only search (no SikuliX find/wait)
12:00:25.308 [Thread-4] INFO  org.sikuli.slides.api.actions.TargetAction - slide mapping: basis=picture(offx=0,offy=0,cx=3110459,cy=6858000) target(offx=-5101,offy=1032968,cx=317500,cy=317500) lineColor=FF0000
2025-08-23 12:00:25.308 [Thread-4] INFO  org.sikuli.slides.api.actions.TargetAction - slide mapping: basis=picture(offx=0,offy=0,cx=3110459,cy=6858000) target(offx=-5101,offy=1032968,cx=317500,cy=317500) lineColor=FF0000
12:00:25.309 [Thread-4] INFO  org.sikuli.slides.api.actions.TargetAction - auto hint: selected RED-outlined target element for hint region
2025-08-23 12:00:25.309 [Thread-4] INFO  org.sikuli.slides.api.actions.TargetAction - auto hint: selected RED-outlined target element for hint region
12:00:25.310 [Thread-4] INFO  org.sikuli.slides.api.actions.TargetAction - slide mapping basis=picture -> fractions xmin=0.0000 ymin=0.1506 xmax=0.1004 ymax=0.1969
2025-08-23 12:00:25.310 [Thread-4] INFO  org.sikuli.slides.api.actions.TargetAction - slide mapping basis=picture -> fractions xmin=0.0000 ymin=0.1506 xmax=0.1004 ymax=0.1969
12:00:25.329 [Thread-4] INFO  org.sikuli.slides.api.actions.TargetAction - hint (slide-based) computed: R[6,360 124x169]@S(2)
2025-08-23 12:00:25.329 [Thread-4] INFO  org.sikuli.slides.api.actions.TargetAction - hint (slide-based) computed: R[6,360 124x169]@S(2)
12:00:25.354 [Thread-4] INFO  org.sikuli.slides.api.actions.TargetAction - hint (image-driven) not available
2025-08-23 12:00:25.354 [Thread-4] INFO  org.sikuli.slides.api.actions.TargetAction - hint (image-driven) not available
12:00:25.354 [Thread-4] INFO  org.sikuli.slides.api.actions.TargetAction - hint selected (fallback): R[6,360 124x169]@S(2)
2025-08-23 12:00:25.354 [Thread-4] INFO  org.sikuli.slides.api.actions.TargetAction - hint selected (fallback): R[6,360 124x169]@S(2)
12:00:25.354 [Thread-4] INFO  org.sikuli.slides.api.actions.TargetAction - NCC fallback: starting custom pattern matching
2025-08-23 12:00:25.354 [Thread-4] INFO  org.sikuli.slides.api.actions.TargetAction - NCC fallback: starting custom pattern matching
12:00:25.354 [Thread-4] INFO  org.sikuli.slides.api.actions.TargetAction - NCC fallback: trying hint region first: R[6,360 124x169]@S(2)
2025-08-23 12:00:25.354 [Thread-4] INFO  org.sikuli.slides.api.actions.TargetAction - NCC fallback: trying hint region first: R[6,360 124x169]@S(2)
12:00:25.415 [Thread-4] INFO  org.sikuli.slides.api.actions.TargetAction - NCC fallback: found in hint region at L[47,444]@S(2) score=0.9999998256783061
2025-08-23 12:00:25.415 [Thread-4] INFO  org.sikuli.slides.api.actions.TargetAction - NCC fallback: found in hint region at L[47,444]@S(2) score=0.9999998256783061
12:00:25.415 [Thread-4] INFO  org.sikuli.slides.api.actions.TargetAction - match found at (47, 444) size 83x84 score=0.9999998256783061 elapsed=0.107s
2025-08-23 12:00:25.415 [Thread-4] INFO  org.sikuli.slides.api.actions.TargetAction - match found at (47, 444) size 83x84 score=0.9999998256783061 elapsed=0.107s
[log] highlight M[6,402 83x84]On(2) S 10000 for 0.5 secs
12:00:26.238 [Thread-4] DEBUG org.sikuli.slides.api.actions.LeftClickAction - executing LeftClickAction{}
2025-08-23 12:00:26.238 [Thread-4] DEBUG org.sikuli.slides.api.actions.LeftClickAction - executing LeftClickAction{}
12:00:26.284 [Thread-4] INFO  org.sikuli.slides.api.actions.LeftClickAction - Saved pre-click region image to /Users/gpetrov/mirror_src/sikuli-slides-PoC/target/clicks/slide-4-left-click.png
2025-08-23 12:00:26.284 [Thread-4] INFO  org.sikuli.slides.api.actions.LeftClickAction - Saved pre-click region image to /Users/gpetrov/mirror_src/sikuli-slides-PoC/target/clicks/slide-4-left-click.png
12:00:26.285 [Thread-4] INFO  org.sikuli.slides.api.actions.LeftClickAction - mouse left-click at (47, 444) on screen 2 within M[6,402 83x84]@S(2) S:1.00 C:47,444 [-1 msec] using SikuliX
2025-08-23 12:00:26.285 [Thread-4] INFO  org.sikuli.slides.api.actions.LeftClickAction - mouse left-click at (47, 444) on screen 2 within M[6,402 83x84]@S(2) S:1.00 C:47,444 [-1 msec] using SikuliX
[log] CLICK on L[47,444]@S(2) (633 msec)
12:00:26.918 [main] INFO  org.sikuli.slides.api.AutomationExecutor - Execute slide 5 of 8
2025-08-23 12:00:26.918 [main] INFO  org.sikuli.slides.api.AutomationExecutor - Execute slide 5 of 8
12:00:26.945 [main] DEBUG org.sikuli.slides.api.interpreters.DefaultInterpreter - result:ParallelAction{actions=[RetryAction{child=TargetAction{pattern=P(__BufferedImage__) S: 0.7}}]}
2025-08-23 12:00:26.945 [main] DEBUG org.sikuli.slides.api.interpreters.DefaultInterpreter - result:ParallelAction{actions=[RetryAction{child=TargetAction{pattern=P(__BufferedImage__) S: 0.7}}]}
12:00:26.946 [Thread-5] INFO  org.sikuli.slides.api.actions.TargetAction - DEBUG: TargetAction.execute() called - checking for NCC fallback integration
2025-08-23 12:00:26.946 [Thread-5] INFO  org.sikuli.slides.api.actions.TargetAction - DEBUG: TargetAction.execute() called - checking for NCC fallback integration
12:00:26.946 [Thread-5] INFO  org.sikuli.slides.api.actions.TargetAction - DEBUG: Context.getMinScore() = 0.9
2025-08-23 12:00:26.946 [Thread-5] INFO  org.sikuli.slides.api.actions.TargetAction - DEBUG: Context.getMinScore() = 0.9
12:00:26.946 [Thread-5] DEBUG org.sikuli.slides.api.actions.TargetAction - searchPattern=P(__BufferedImage__) S: 0.8999999761581421
2025-08-23 12:00:26.946 [Thread-5] DEBUG org.sikuli.slides.api.actions.TargetAction - searchPattern=P(__BufferedImage__) S: 0.8999999761581421
12:00:26.946 [Thread-5] INFO  org.sikuli.slides.api.actions.TargetAction - pattern pixel size=171x84 min_score=0.9
2025-08-23 12:00:26.946 [Thread-5] INFO  org.sikuli.slides.api.actions.TargetAction - pattern pixel size=171x84 min_score=0.9
12:00:26.946 [Thread-5] INFO  org.sikuli.slides.api.actions.TargetAction - exhaustive=true region=830x1830 positions=1153020
2025-08-23 12:00:26.946 [Thread-5] INFO  org.sikuli.slides.api.actions.TargetAction - exhaustive=true region=830x1830 positions=1153020
12:00:26.946 [Thread-5] DEBUG org.sikuli.slides.api.actions.TargetAction - pattern hasAlpha=false
2025-08-23 12:00:26.946 [Thread-5] DEBUG org.sikuli.slides.api.actions.TargetAction - pattern hasAlpha=false
12:00:26.947 [Thread-5] DEBUG org.sikuli.slides.api.actions.TargetAction - pattern grayscale_like=true awtType=5
2025-08-23 12:00:26.947 [Thread-5] DEBUG org.sikuli.slides.api.actions.TargetAction - pattern grayscale_like=true awtType=5
12:00:26.948 [Thread-5] DEBUG org.sikuli.slides.api.actions.TargetAction - saved pattern to /Users/gpetrov/mirror_src/sikuli-slides-PoC/target/debug/presearch/pattern_171x84.png firstPixelRGBA=0xff151515 checksum=15944821731879135576
2025-08-23 12:00:26.948 [Thread-5] DEBUG org.sikuli.slides.api.actions.TargetAction - saved pattern to /Users/gpetrov/mirror_src/sikuli-slides-PoC/target/debug/presearch/pattern_171x84.png firstPixelRGBA=0xff151515 checksum=15944821731879135576
12:00:26.948 [Thread-5] DEBUG org.sikuli.slides.api.actions.TargetAction - region origin=(6,126) size=830x1830 screen=R[0,0 3024x1964]@S(2)
2025-08-23 12:00:26.948 [Thread-5] DEBUG org.sikuli.slides.api.actions.TargetAction - region origin=(6,126) size=830x1830 screen=R[0,0 3024x1964]@S(2)
12:00:26.949 [Thread-5] INFO  org.sikuli.slides.api.actions.TargetAction - SikuliX Settings: experimental=false; FindProfiling=false; InputFontMono=false; InputFontSize=14; proxyName=; proxyIP=; proxyAddress=null; proxyPort=; proxyChecked=false; proxy=null; ThrowException=true; AutoWaitTimeout=3.0; WaitScanRate=3.0; ObserveScanRate=3.0; ObserveMinChangedPixels=50; RepeatWaitTime=1; MinSimilarity=0.7; AlwaysResize=0.0; DefaultPadding=50; AutoDetectKeyboardLayout=true; CheckLastSeen=true; CheckLastSeenSimilar=0.95; ImageCallback=null; DelayValue=0.3; DelayBeforeMouseDown=0.3; DelayAfterDrag=0.3; DelayBeforeDrag=-0.3; DelayBeforeDrop=0.3; WheelNatural=true; checkMousePosition=true; TypeDelay=0.0; ClickDelay=0.0; ClickTypeHack=false; BundlePath=null; OverwriteImages=false; OcrLanguageDefault=eng; OcrLanguage=eng; OcrDataPath=null; OcrTextSearch=true; OcrTextRead=true; SwitchToText=false; TRUE=true; FALSE=false; SlowMotionDelay=2.0; MoveMouseDelay=0.5; Highlight=false; DefaultHighlightTime=2.0; DefaultHighlightColor=RED; HighlightTransparent=false; WaitAfterHighlight=0.3; ActionLogs=true; InfoLogs=true; DebugLogs=false; ProfileLogs=false; TraceLogs=false; LogTime=false; UserLogs=true; UserLogPrefix=user; UserLogTime=true; ISWINDOWS=0; ISMAC=1; ISLINUX=2
2025-08-23 12:00:26.949 [Thread-5] INFO  org.sikuli.slides.api.actions.TargetAction - SikuliX Settings: experimental=false; FindProfiling=false; InputFontMono=false; InputFontSize=14; proxyName=; proxyIP=; proxyAddress=null; proxyPort=; proxyChecked=false; proxy=null; ThrowException=true; AutoWaitTimeout=3.0; WaitScanRate=3.0; ObserveScanRate=3.0; ObserveMinChangedPixels=50; RepeatWaitTime=1; MinSimilarity=0.7; AlwaysResize=0.0; DefaultPadding=50; AutoDetectKeyboardLayout=true; CheckLastSeen=true; CheckLastSeenSimilar=0.95; ImageCallback=null; DelayValue=0.3; DelayBeforeMouseDown=0.3; DelayAfterDrag=0.3; DelayBeforeDrag=-0.3; DelayBeforeDrop=0.3; WheelNatural=true; checkMousePosition=true; TypeDelay=0.0; ClickDelay=0.0; ClickTypeHack=false; BundlePath=null; OverwriteImages=false; OcrLanguageDefault=eng; OcrLanguage=eng; OcrDataPath=null; OcrTextSearch=true; OcrTextRead=true; SwitchToText=false; TRUE=true; FALSE=false; SlowMotionDelay=2.0; MoveMouseDelay=0.5; Highlight=false; DefaultHighlightTime=2.0; DefaultHighlightColor=RED; HighlightTransparent=false; WaitAfterHighlight=0.3; ActionLogs=true; InfoLogs=true; DebugLogs=false; ProfileLogs=false; TraceLogs=false; LogTime=false; UserLogs=true; UserLogPrefix=user; UserLogTime=true; ISWINDOWS=0; ISMAC=1; ISLINUX=2
12:00:26.976 [Thread-5] DEBUG org.sikuli.slides.api.actions.TargetAction - region grayscale_like=false awtType=1
2025-08-23 12:00:26.976 [Thread-5] DEBUG org.sikuli.slides.api.actions.TargetAction - region grayscale_like=false awtType=1
12:00:27.009 [Thread-5] DEBUG org.sikuli.slides.api.actions.TargetAction - saved pre-search region snapshot to /Users/gpetrov/mirror_src/sikuli-slides-PoC/target/debug/presearch/region_6_126_830x1830.png firstPixelRGBA=0xff000000 checksum=802741669386362382
2025-08-23 12:00:27.009 [Thread-5] DEBUG org.sikuli.slides.api.actions.TargetAction - saved pre-search region snapshot to /Users/gpetrov/mirror_src/sikuli-slides-PoC/target/debug/presearch/region_6_126_830x1830.png firstPixelRGBA=0xff000000 checksum=802741669386362382
12:00:27.009 [Thread-5] INFO  org.sikuli.slides.api.actions.TargetAction - single-scale mode: using NCC-only search (no SikuliX find/wait)
2025-08-23 12:00:27.009 [Thread-5] INFO  org.sikuli.slides.api.actions.TargetAction - single-scale mode: using NCC-only search (no SikuliX find/wait)
12:00:27.009 [Thread-5] INFO  org.sikuli.slides.api.actions.TargetAction - slide mapping: basis=picture(offx=0,offy=0,cx=3110459,cy=6858000) target(offx=2035810,offy=2205990,cx=641350,cy=317500) lineColor=FF0000
2025-08-23 12:00:27.009 [Thread-5] INFO  org.sikuli.slides.api.actions.TargetAction - slide mapping: basis=picture(offx=0,offy=0,cx=3110459,cy=6858000) target(offx=2035810,offy=2205990,cx=641350,cy=317500) lineColor=FF0000
12:00:27.009 [Thread-5] INFO  org.sikuli.slides.api.actions.TargetAction - auto hint: selected RED-outlined target element for hint region
2025-08-23 12:00:27.009 [Thread-5] INFO  org.sikuli.slides.api.actions.TargetAction - auto hint: selected RED-outlined target element for hint region
12:00:27.009 [Thread-5] INFO  org.sikuli.slides.api.actions.TargetAction - slide mapping basis=picture -> fractions xmin=0.6545 ymin=0.3217 xmax=0.8607 ymax=0.3680
2025-08-23 12:00:27.009 [Thread-5] INFO  org.sikuli.slides.api.actions.TargetAction - slide mapping basis=picture -> fractions xmin=0.6545 ymin=0.3217 xmax=0.8607 ymax=0.3680
12:00:27.023 [Thread-5] INFO  org.sikuli.slides.api.actions.TargetAction - hint (slide-based) computed: R[464,673 341x169]@S(2)
2025-08-23 12:00:27.023 [Thread-5] INFO  org.sikuli.slides.api.actions.TargetAction - hint (slide-based) computed: R[464,673 341x169]@S(2)
12:00:27.046 [Thread-5] INFO  org.sikuli.slides.api.actions.TargetAction - hint (image-driven) not available
2025-08-23 12:00:27.046 [Thread-5] INFO  org.sikuli.slides.api.actions.TargetAction - hint (image-driven) not available
12:00:27.047 [Thread-5] INFO  org.sikuli.slides.api.actions.TargetAction - hint selected (fallback): R[464,673 341x169]@S(2)
2025-08-23 12:00:27.047 [Thread-5] INFO  org.sikuli.slides.api.actions.TargetAction - hint selected (fallback): R[464,673 341x169]@S(2)
12:00:27.047 [Thread-5] INFO  org.sikuli.slides.api.actions.TargetAction - NCC fallback: starting custom pattern matching
2025-08-23 12:00:27.047 [Thread-5] INFO  org.sikuli.slides.api.actions.TargetAction - NCC fallback: starting custom pattern matching
12:00:27.047 [Thread-5] INFO  org.sikuli.slides.api.actions.TargetAction - NCC fallback: trying hint region first: R[464,673 341x169]@S(2)
2025-08-23 12:00:27.047 [Thread-5] INFO  org.sikuli.slides.api.actions.TargetAction - NCC fallback: trying hint region first: R[464,673 341x169]@S(2)
12:00:27.373 [Thread-5] INFO  org.sikuli.slides.api.actions.TargetAction - NCC fallback: hint pre-wait attempt 1 no match (>= 0.8999999761581421) elapsed=312ms of 3000ms
2025-08-23 12:00:27.373 [Thread-5] INFO  org.sikuli.slides.api.actions.TargetAction - NCC fallback: hint pre-wait attempt 1 no match (>= 0.8999999761581421) elapsed=312ms of 3000ms
12:00:28.047 [Thread-5] INFO  org.sikuli.slides.api.actions.TargetAction - NCC fallback: found in hint region at L[634,757]@S(2) score=0.9999988707468747
2025-08-23 12:00:28.047 [Thread-5] INFO  org.sikuli.slides.api.actions.TargetAction - NCC fallback: found in hint region at L[634,757]@S(2) score=0.9999988707468747
12:00:28.047 [Thread-5] INFO  org.sikuli.slides.api.actions.TargetAction - match found at (634, 757) size 171x84 score=0.9999988707468747 elapsed=1.038s
2025-08-23 12:00:28.047 [Thread-5] INFO  org.sikuli.slides.api.actions.TargetAction - match found at (634, 757) size 171x84 score=0.9999988707468747 elapsed=1.038s
[log] highlight M[549,715 171x84]On(2) S 10000 for 0.5 secs
12:00:28.862 [Thread-5] DEBUG org.sikuli.slides.api.actions.LeftClickAction - executing LeftClickAction{}
2025-08-23 12:00:28.862 [Thread-5] DEBUG org.sikuli.slides.api.actions.LeftClickAction - executing LeftClickAction{}
12:00:28.921 [Thread-5] INFO  org.sikuli.slides.api.actions.LeftClickAction - Saved pre-click region image to /Users/gpetrov/mirror_src/sikuli-slides-PoC/target/clicks/slide-5-left-click.png
2025-08-23 12:00:28.921 [Thread-5] INFO  org.sikuli.slides.api.actions.LeftClickAction - Saved pre-click region image to /Users/gpetrov/mirror_src/sikuli-slides-PoC/target/clicks/slide-5-left-click.png
12:00:28.923 [Thread-5] INFO  org.sikuli.slides.api.actions.LeftClickAction - mouse left-click at (634, 757) on screen 2 within M[549,715 171x84]@S(2) S:1.00 C:634,757 [-1 msec] using SikuliX
2025-08-23 12:00:28.923 [Thread-5] INFO  org.sikuli.slides.api.actions.LeftClickAction - mouse left-click at (634, 757) on screen 2 within M[549,715 171x84]@S(2) S:1.00 C:634,757 [-1 msec] using SikuliX
[log] CLICK on L[634,757]@S(2) (631 msec)
12:00:29.559 [main] INFO  org.sikuli.slides.api.AutomationExecutor - Execute slide 6 of 8
2025-08-23 12:00:29.559 [main] INFO  org.sikuli.slides.api.AutomationExecutor - Execute slide 6 of 8
12:00:29.559 [main] DEBUG org.sikuli.slides.api.interpreters.DefaultInterpreter - result:ParallelAction{actions=[]}
2025-08-23 12:00:29.559 [main] DEBUG org.sikuli.slides.api.interpreters.DefaultInterpreter - result:ParallelAction{actions=[]}
12:00:29.559 [main] INFO  org.sikuli.slides.api.AutomationExecutor - Execute slide 7 of 8
2025-08-23 12:00:29.559 [main] INFO  org.sikuli.slides.api.AutomationExecutor - Execute slide 7 of 8
12:00:29.578 [main] DEBUG org.sikuli.slides.api.interpreters.DefaultInterpreter - result:ParallelAction{actions=[RetryAction{child=TargetAction{pattern=P(__BufferedImage__) S: 0.7}}]}
2025-08-23 12:00:29.578 [main] DEBUG org.sikuli.slides.api.interpreters.DefaultInterpreter - result:ParallelAction{actions=[RetryAction{child=TargetAction{pattern=P(__BufferedImage__) S: 0.7}}]}
12:00:29.578 [Thread-6] INFO  org.sikuli.slides.api.actions.TargetAction - DEBUG: TargetAction.execute() called - checking for NCC fallback integration
2025-08-23 12:00:29.578 [Thread-6] INFO  org.sikuli.slides.api.actions.TargetAction - DEBUG: TargetAction.execute() called - checking for NCC fallback integration
12:00:29.579 [Thread-6] INFO  org.sikuli.slides.api.actions.TargetAction - DEBUG: Context.getMinScore() = 0.9
2025-08-23 12:00:29.579 [Thread-6] INFO  org.sikuli.slides.api.actions.TargetAction - DEBUG: Context.getMinScore() = 0.9
12:00:29.579 [Thread-6] DEBUG org.sikuli.slides.api.actions.TargetAction - searchPattern=P(__BufferedImage__) S: 0.8999999761581421
2025-08-23 12:00:29.579 [Thread-6] DEBUG org.sikuli.slides.api.actions.TargetAction - searchPattern=P(__BufferedImage__) S: 0.8999999761581421
12:00:29.579 [Thread-6] INFO  org.sikuli.slides.api.actions.TargetAction - pattern pixel size=84x84 min_score=0.9
2025-08-23 12:00:29.579 [Thread-6] INFO  org.sikuli.slides.api.actions.TargetAction - pattern pixel size=84x84 min_score=0.9
12:00:29.579 [Thread-6] INFO  org.sikuli.slides.api.actions.TargetAction - exhaustive=true region=830x1830 positions=1305009
2025-08-23 12:00:29.579 [Thread-6] INFO  org.sikuli.slides.api.actions.TargetAction - exhaustive=true region=830x1830 positions=1305009
12:00:29.579 [Thread-6] DEBUG org.sikuli.slides.api.actions.TargetAction - pattern hasAlpha=false
2025-08-23 12:00:29.579 [Thread-6] DEBUG org.sikuli.slides.api.actions.TargetAction - pattern hasAlpha=false
12:00:29.579 [Thread-6] DEBUG org.sikuli.slides.api.actions.TargetAction - pattern grayscale_like=true awtType=5
2025-08-23 12:00:29.579 [Thread-6] DEBUG org.sikuli.slides.api.actions.TargetAction - pattern grayscale_like=true awtType=5
12:00:29.581 [Thread-6] DEBUG org.sikuli.slides.api.actions.TargetAction - saved pattern to /Users/gpetrov/mirror_src/sikuli-slides-PoC/target/debug/presearch/pattern_84x84.png firstPixelRGBA=0xff151515 checksum=10275981910477846541
2025-08-23 12:00:29.581 [Thread-6] DEBUG org.sikuli.slides.api.actions.TargetAction - saved pattern to /Users/gpetrov/mirror_src/sikuli-slides-PoC/target/debug/presearch/pattern_84x84.png firstPixelRGBA=0xff151515 checksum=10275981910477846541
12:00:29.581 [Thread-6] DEBUG org.sikuli.slides.api.actions.TargetAction - region origin=(6,126) size=830x1830 screen=R[0,0 3024x1964]@S(2)
2025-08-23 12:00:29.581 [Thread-6] DEBUG org.sikuli.slides.api.actions.TargetAction - region origin=(6,126) size=830x1830 screen=R[0,0 3024x1964]@S(2)
12:00:29.581 [Thread-6] INFO  org.sikuli.slides.api.actions.TargetAction - SikuliX Settings: experimental=false; FindProfiling=false; InputFontMono=false; InputFontSize=14; proxyName=; proxyIP=; proxyAddress=null; proxyPort=; proxyChecked=false; proxy=null; ThrowException=true; AutoWaitTimeout=3.0; WaitScanRate=3.0; ObserveScanRate=3.0; ObserveMinChangedPixels=50; RepeatWaitTime=1; MinSimilarity=0.7; AlwaysResize=0.0; DefaultPadding=50; AutoDetectKeyboardLayout=true; CheckLastSeen=true; CheckLastSeenSimilar=0.95; ImageCallback=null; DelayValue=0.3; DelayBeforeMouseDown=0.3; DelayAfterDrag=0.3; DelayBeforeDrag=-0.3; DelayBeforeDrop=0.3; WheelNatural=true; checkMousePosition=true; TypeDelay=0.0; ClickDelay=0.0; ClickTypeHack=false; BundlePath=null; OverwriteImages=false; OcrLanguageDefault=eng; OcrLanguage=eng; OcrDataPath=null; OcrTextSearch=true; OcrTextRead=true; SwitchToText=false; TRUE=true; FALSE=false; SlowMotionDelay=2.0; MoveMouseDelay=0.5; Highlight=false; DefaultHighlightTime=2.0; DefaultHighlightColor=RED; HighlightTransparent=false; WaitAfterHighlight=0.3; ActionLogs=true; InfoLogs=true; DebugLogs=false; ProfileLogs=false; TraceLogs=false; LogTime=false; UserLogs=true; UserLogPrefix=user; UserLogTime=true; ISWINDOWS=0; ISMAC=1; ISLINUX=2
2025-08-23 12:00:29.581 [Thread-6] INFO  org.sikuli.slides.api.actions.TargetAction - SikuliX Settings: experimental=false; FindProfiling=false; InputFontMono=false; InputFontSize=14; proxyName=; proxyIP=; proxyAddress=null; proxyPort=; proxyChecked=false; proxy=null; ThrowException=true; AutoWaitTimeout=3.0; WaitScanRate=3.0; ObserveScanRate=3.0; ObserveMinChangedPixels=50; RepeatWaitTime=1; MinSimilarity=0.7; AlwaysResize=0.0; DefaultPadding=50; AutoDetectKeyboardLayout=true; CheckLastSeen=true; CheckLastSeenSimilar=0.95; ImageCallback=null; DelayValue=0.3; DelayBeforeMouseDown=0.3; DelayAfterDrag=0.3; DelayBeforeDrag=-0.3; DelayBeforeDrop=0.3; WheelNatural=true; checkMousePosition=true; TypeDelay=0.0; ClickDelay=0.0; ClickTypeHack=false; BundlePath=null; OverwriteImages=false; OcrLanguageDefault=eng; OcrLanguage=eng; OcrDataPath=null; OcrTextSearch=true; OcrTextRead=true; SwitchToText=false; TRUE=true; FALSE=false; SlowMotionDelay=2.0; MoveMouseDelay=0.5; Highlight=false; DefaultHighlightTime=2.0; DefaultHighlightColor=RED; HighlightTransparent=false; WaitAfterHighlight=0.3; ActionLogs=true; InfoLogs=true; DebugLogs=false; ProfileLogs=false; TraceLogs=false; LogTime=false; UserLogs=true; UserLogPrefix=user; UserLogTime=true; ISWINDOWS=0; ISMAC=1; ISLINUX=2
12:00:29.611 [Thread-6] DEBUG org.sikuli.slides.api.actions.TargetAction - region grayscale_like=true awtType=1
2025-08-23 12:00:29.611 [Thread-6] DEBUG org.sikuli.slides.api.actions.TargetAction - region grayscale_like=true awtType=1
12:00:29.650 [Thread-6] DEBUG org.sikuli.slides.api.actions.TargetAction - saved pre-search region snapshot to /Users/gpetrov/mirror_src/sikuli-slides-PoC/target/debug/presearch/region_6_126_830x1830.png firstPixelRGBA=0xff000000 checksum=802741669386362382
2025-08-23 12:00:29.650 [Thread-6] DEBUG org.sikuli.slides.api.actions.TargetAction - saved pre-search region snapshot to /Users/gpetrov/mirror_src/sikuli-slides-PoC/target/debug/presearch/region_6_126_830x1830.png firstPixelRGBA=0xff000000 checksum=802741669386362382
12:00:29.650 [Thread-6] INFO  org.sikuli.slides.api.actions.TargetAction - single-scale mode: using NCC-only search (no SikuliX find/wait)
2025-08-23 12:00:29.650 [Thread-6] INFO  org.sikuli.slides.api.actions.TargetAction - single-scale mode: using NCC-only search (no SikuliX find/wait)
12:00:29.650 [Thread-6] INFO  org.sikuli.slides.api.actions.TargetAction - slide mapping: basis=picture(offx=0,offy=0,cx=3110459,cy=6858000) target(offx=238489,offy=2067289,cx=317500,cy=317500) lineColor=FF0000
2025-08-23 12:00:29.650 [Thread-6] INFO  org.sikuli.slides.api.actions.TargetAction - slide mapping: basis=picture(offx=0,offy=0,cx=3110459,cy=6858000) target(offx=238489,offy=2067289,cx=317500,cy=317500) lineColor=FF0000
12:00:29.650 [Thread-6] INFO  org.sikuli.slides.api.actions.TargetAction - auto hint: selected RED-outlined target element for hint region
2025-08-23 12:00:29.650 [Thread-6] INFO  org.sikuli.slides.api.actions.TargetAction - auto hint: selected RED-outlined target element for hint region
12:00:29.650 [Thread-6] INFO  org.sikuli.slides.api.actions.TargetAction - slide mapping basis=picture -> fractions xmin=0.0767 ymin=0.3014 xmax=0.1787 ymax=0.3477
2025-08-23 12:00:29.650 [Thread-6] INFO  org.sikuli.slides.api.actions.TargetAction - slide mapping basis=picture -> fractions xmin=0.0767 ymin=0.3014 xmax=0.1787 ymax=0.3477
12:00:29.674 [Thread-6] INFO  org.sikuli.slides.api.actions.TargetAction - hint (slide-based) computed: R[28,636 169x169]@S(2)
2025-08-23 12:00:29.674 [Thread-6] INFO  org.sikuli.slides.api.actions.TargetAction - hint (slide-based) computed: R[28,636 169x169]@S(2)
12:00:29.700 [Thread-6] INFO  org.sikuli.slides.api.actions.TargetAction - hint (image-driven) not available
2025-08-23 12:00:29.700 [Thread-6] INFO  org.sikuli.slides.api.actions.TargetAction - hint (image-driven) not available
12:00:29.700 [Thread-6] INFO  org.sikuli.slides.api.actions.TargetAction - hint selected (fallback): R[28,636 169x169]@S(2)
2025-08-23 12:00:29.700 [Thread-6] INFO  org.sikuli.slides.api.actions.TargetAction - hint selected (fallback): R[28,636 169x169]@S(2)
12:00:29.700 [Thread-6] INFO  org.sikuli.slides.api.actions.TargetAction - NCC fallback: starting custom pattern matching
2025-08-23 12:00:29.700 [Thread-6] INFO  org.sikuli.slides.api.actions.TargetAction - NCC fallback: starting custom pattern matching
12:00:29.700 [Thread-6] INFO  org.sikuli.slides.api.actions.TargetAction - NCC fallback: trying hint region first: R[28,636 169x169]@S(2)
2025-08-23 12:00:29.700 [Thread-6] INFO  org.sikuli.slides.api.actions.TargetAction - NCC fallback: trying hint region first: R[28,636 169x169]@S(2)
12:00:29.802 [Thread-6] INFO  org.sikuli.slides.api.actions.TargetAction - NCC fallback: hint pre-wait attempt 1 no match (>= 0.8999999761581421) elapsed=87ms of 3000ms
2025-08-23 12:00:29.802 [Thread-6] INFO  org.sikuli.slides.api.actions.TargetAction - NCC fallback: hint pre-wait attempt 1 no match (>= 0.8999999761581421) elapsed=87ms of 3000ms
12:00:30.254 [Thread-6] INFO  org.sikuli.slides.api.actions.TargetAction - NCC fallback: hint pre-wait attempt 2 no match (>= 0.8999999761581421) elapsed=539ms of 3000ms
2025-08-23 12:00:30.254 [Thread-6] INFO  org.sikuli.slides.api.actions.TargetAction - NCC fallback: hint pre-wait attempt 2 no match (>= 0.8999999761581421) elapsed=539ms of 3000ms
12:00:30.684 [Thread-6] INFO  org.sikuli.slides.api.actions.TargetAction - NCC fallback: hint pre-wait attempt 3 no match (>= 0.8999999761581421) elapsed=969ms of 3000ms
2025-08-23 12:00:30.684 [Thread-6] INFO  org.sikuli.slides.api.actions.TargetAction - NCC fallback: hint pre-wait attempt 3 no match (>= 0.8999999761581421) elapsed=969ms of 3000ms
12:00:31.133 [Thread-6] INFO  org.sikuli.slides.api.actions.TargetAction - NCC fallback: hint pre-wait attempt 4 no match (>= 0.8999999761581421) elapsed=1418ms of 3000ms
2025-08-23 12:00:31.133 [Thread-6] INFO  org.sikuli.slides.api.actions.TargetAction - NCC fallback: hint pre-wait attempt 4 no match (>= 0.8999999761581421) elapsed=1418ms of 3000ms
12:00:31.572 [Thread-6] INFO  org.sikuli.slides.api.actions.TargetAction - NCC fallback: hint pre-wait attempt 5 no match (>= 0.8999999761581421) elapsed=1858ms of 3000ms
2025-08-23 12:00:31.572 [Thread-6] INFO  org.sikuli.slides.api.actions.TargetAction - NCC fallback: hint pre-wait attempt 5 no match (>= 0.8999999761581421) elapsed=1858ms of 3000ms
12:00:32.010 [Thread-6] INFO  org.sikuli.slides.api.actions.TargetAction - NCC fallback: hint pre-wait attempt 6 no match (>= 0.8999999761581421) elapsed=2296ms of 3000ms
2025-08-23 12:00:32.010 [Thread-6] INFO  org.sikuli.slides.api.actions.TargetAction - NCC fallback: hint pre-wait attempt 6 no match (>= 0.8999999761581421) elapsed=2296ms of 3000ms
12:00:32.464 [Thread-6] INFO  org.sikuli.slides.api.actions.TargetAction - NCC fallback: hint pre-wait attempt 7 no match (>= 0.8999999761581421) elapsed=2750ms of 3000ms
2025-08-23 12:00:32.464 [Thread-6] INFO  org.sikuli.slides.api.actions.TargetAction - NCC fallback: hint pre-wait attempt 7 no match (>= 0.8999999761581421) elapsed=2750ms of 3000ms
12:00:32.911 [Thread-6] INFO  org.sikuli.slides.api.actions.TargetAction - NCC fallback: hint pre-wait attempt 8 no match (>= 0.8999999761581421) elapsed=3196ms of 3000ms
2025-08-23 12:00:32.911 [Thread-6] INFO  org.sikuli.slides.api.actions.TargetAction - NCC fallback: hint pre-wait attempt 8 no match (>= 0.8999999761581421) elapsed=3196ms of 3000ms
12:00:32.911 [Thread-6] INFO  org.sikuli.slides.api.actions.TargetAction - NCC fallback: no match in hint region after pre-wait (attempts=8, elapsed=3196ms); proceeding to expansion
2025-08-23 12:00:32.911 [Thread-6] INFO  org.sikuli.slides.api.actions.TargetAction - NCC fallback: no match in hint region after pre-wait (attempts=8, elapsed=3196ms); proceeding to expansion
12:00:32.911 [Thread-6] INFO  org.sikuli.slides.api.actions.TargetAction - NCC fallback: expanding hint region and retrying: R[6,536 291x369]@S(2)
2025-08-23 12:00:32.911 [Thread-6] INFO  org.sikuli.slides.api.actions.TargetAction - NCC fallback: expanding hint region and retrying: R[6,536 291x369]@S(2)
12:00:33.554 [Thread-6] INFO  org.sikuli.slides.api.actions.TargetAction - NCC fallback: no match in expanded hint region
2025-08-23 12:00:33.554 [Thread-6] INFO  org.sikuli.slides.api.actions.TargetAction - NCC fallback: no match in expanded hint region
12:00:46.961 [Thread-6] INFO  org.sikuli.slides.api.actions.TargetAction - NCC fallback: no match found above threshold 0.8999999761581421
2025-08-23 12:00:46.961 [Thread-6] INFO  org.sikuli.slides.api.actions.TargetAction - NCC fallback: no match found above threshold 0.8999999761581421
12:00:46.963 [Thread-6] INFO  org.sikuli.slides.api.actions.TargetAction - no match in region R[6,126 830x1830]@S(2) with min_score=0.9 elapsed=17.312s
2025-08-23 12:00:46.963 [Thread-6] INFO  org.sikuli.slides.api.actions.TargetAction - no match in region R[6,126 830x1830]@S(2) with min_score=0.9 elapsed=17.312s
12:00:46.963 [Thread-6] DEBUG org.sikuli.slides.api.actions.ParallelAction - exception thrown by TargetAction{pattern=P(__BufferedImage__) S: 0.8999999761581421} because Unable to locate the target on the screen 
2025-08-23 12:00:46.963 [Thread-6] DEBUG org.sikuli.slides.api.actions.ParallelAction - exception thrown by TargetAction{pattern=P(__BufferedImage__) S: 0.8999999761581421} because Unable to locate the target on the screen 
12:00:46.963 [main] ERROR org.sikuli.slides.apps.ExecuteMain - Execution failed because org.sikuli.slides.api.actions.ActionExecutionException: Unable to locate the target on the screen
2025-08-23 12:00:46.963 [main] ERROR org.sikuli.slides.apps.ExecuteMain - Execution failed because org.sikuli.slides.api.actions.ActionExecutionException: Unable to locate the target on the screen
12:00:46.963 [main] ERROR org.sikuli.slides.apps.ExecuteMain - On slide no. 7 Failed to execute TargetAction{pattern=P(__BufferedImage__) S: 0.8999999761581421}
2025-08-23 12:00:46.963 [main] ERROR org.sikuli.slides.apps.ExecuteMain - On slide no. 7 Failed to execute TargetAction{pattern=P(__BufferedImage__) S: 0.8999999761581421}
12:00:46.963 [main] INFO  org.sikuli.slides.apps.ExecuteMain - You may now use the keyboard and mouse. Test execution finished.
2025-08-23 12:00:46.963 [main] INFO  org.sikuli.slides.apps.ExecuteMain - You may now use the keyboard and mouse. Test execution finished.
